   Compiling safe-migrate v0.9.3 (/data/data/com.termux/files/home/safe-migrate)
warning: method `is_integer` is never used
  --> src/_internal/model/data_type.rs:98:19
   |
30 | impl DataTypeFamily {
   | ------------------- method in this implementation
...
98 |     pub(crate) fn is_integer(self) -> bool {
   |                   ^^^^^^^^^^
   |
   = note: `#[warn(dead_code)]` (part of `#[warn(unused)]`) on by default

warning: `safe-migrate` (lib test) generated 1 warning
    Finished `test` profile [unoptimized + debuginfo] target(s) in 21.91s
     Running unittests src/lib.rs (target/debug/build/safe-migrate/fb967a0941af0a36/out/safe_migrate-fb967a0941af0a36)

running 963 tests
test _internal::analysis::evidence::tests::evidence_is_deduplicated_and_stably_ordered ... ok
test _internal::analysis::graph::tests::column_rename_updates_both_sides_of_self_referencing_fk ... ok
test _internal::analysis::graph::tests::identical_dependency_edges_are_deduplicated ... ok
test _internal::analysis::graph::tests::identity_remaps_collapse_duplicate_edges ... ok
test _internal::analysis::graph::tests::traditional_inheritance_cascades_without_becoming_a_partition ... ok
test _internal::analysis::graph::tests::no_op_edge_mutations_preserve_derived_indexes ... ok
test _internal::analysis::graph::tests::trigger_dependencies_preserve_overloaded_function_identity ... ok
test _internal::analysis::graph::tests::inheritance_cycle_checks_every_parent_and_accepts_diamonds ... ok
test _internal::analysis::settings::tests::parses_documented_time_units_into_milliseconds ... ok
test _internal::analysis::settings::tests::rejects_negative_unknown_and_out_of_range_values ... ok
test _internal::analysis::state::evidence_tests::baseline_sequence_drop_requires_dependency_coverage ... ok
test _internal::analysis::state::evidence_tests::baseline_constraint_keys_hydrate_into_the_dependency_graph ... ok
test _internal::analysis::state::evidence_tests::baseline_drop_requires_dependency_catalog_coverage ... ok
test _internal::analysis::state::evidence_tests::baseline_drop_column_requires_dependency_coverage ... ok
test _internal::analysis::state::evidence_tests::invalid_transaction_control_records_typed_evidence ... ok
test _internal::analysis::state::evidence_tests::malformed_baseline_fk_operator_evidence_is_tainted_not_claimed_exact ... ok
test _internal::analysis::state::evidence_tests::concurrent_index_drop_rejects_transaction_and_cascade_forms ... ok
test _internal::analysis::state::evidence_tests::role_catalog_coverage_is_authoritative_without_session_provenance ... ok
test _internal::analysis::state::evidence_tests::complete_baseline_fk_operator_evidence_reaches_graph_edge ... ok
test _internal::analysis::state::evidence_tests::concurrent_refresh_rejects_unpopulated_materialized_view ... ok
test _internal::analysis::state::evidence_tests::evidence_added_in_a_transaction_rolls_back_with_confidence ... ok
test _internal::analysis::state::evidence_tests::role_inherit_option_is_preserved_across_mutations ... ok
test _internal::analysis::state::evidence_tests::relation_absence_requires_relation_catalog_coverage ... ok
test _internal::analysis::state::evidence_tests::scoped_baseline_sequence_drop_requires_cross_schema_dependency_proof ... ok
test _internal::analysis::state::evidence_tests::schema_absence_requires_schema_catalog_coverage ... ok
test _internal::analysis::state::evidence_tests::scoped_baseline_function_drop_requires_cross_schema_dependency_proof ... ok
test _internal::analysis::state::evidence_tests::scoped_boundary_authority_requires_explicit_completion_marker ... ok
test _internal::analysis::state::evidence_tests::routine_cascade_without_dependency_edges_is_not_applied_partially ... ok
test _internal::analysis::state::evidence_tests::scoped_baseline_type_drop_requires_cross_schema_dependency_proof ... ok
test _internal::analysis::state::evidence_tests::scoped_schema_lookup_records_unknown_object_evidence ... ok
test _internal::analysis::state::evidence_tests::try_new_rejects_semantically_invalid_cache_before_hydration ... ok
test _internal::analysis::state::evidence_tests::stale_trigger_generation_does_not_block_schema_restrict ... ok
test _internal::ast::identifiers::tests::identifiers_follow_postgresql_byte_truncation ... ok
test _internal::analysis::state::evidence_tests::stale_generation_edges_do_not_block_or_cascade_after_recreation ... ok
test _internal::analysis::state::evidence_tests::unhydrated_generation_edge_remains_conservative ... ok
test _internal::analysis::state::evidence_tests::local_drop_cascade_requires_dependency_coverage_for_baseline_dependents ... ok
test _internal::analysis::state::pre_state_tests::incremental_capture_matches_a_fresh_public_pre_state ... ok
test _internal::ast::visitor_tests::tests::alter_role_extracts_both_inherit_options ... ok
test _internal::ast::identifiers::tests::object_id_requires_explicit_inference_marker_when_deserialized ... ok
test _internal::ast::visitor_tests::tests::alter_table_drop_default_is_a_typed_default_reset ... ok
test _internal::ast::visitor_tests::tests::alter_column_preserves_quoted_identifier_case ... ok
test _internal::ast::visitor_tests::tests::alter_table_options_preserve_typed_keys_and_values ... ok
test _internal::ast::visitor_tests::tests::aggregate_commands_extract_shared_routine_identities ... ok
test _internal::ast::visitor_tests::tests::alter_table_owner_to_session_user_is_captured ... ok
test _internal::ast::visitor_tests::tests::alter_table_preserves_only_scope ... ok
test _internal::ast::visitor_tests::tests::alter_table_rule_modes_use_typed_names_and_modes ... ok
test _internal::analysis::graph::tests::indexed_reverse_dependency_lookups_match_alias_resolution ... ok
test _internal::ast::visitor_tests::tests::alter_trigger_rename_to_extracts_quoted_name_and_table ... ok
test _internal::ast::visitor_tests::tests::alter_type_rename_to_extracts_quoted_name ... ok
test _internal::ast::visitor_tests::tests::comment_on_extracts_as_schema_neutral_noop ... ok
test _internal::ast::visitor_tests::tests::attach_partition_strategy_comes_from_typed_partition_node ... ok
test _internal::ast::visitor_tests::tests::alter_type_add_value_uses_ast_position_when_label_contains_before ... ok
test _internal::ast::visitor_tests::tests::alter_type_rename_value_extracts_qualified_identity_and_labels ... ok
test _internal::ast::visitor_tests::tests::alter_type_set_schema_extracts_quoted_schema_name ... ok
test _internal::ast::visitor_tests::tests::create_composite_type_preserves_ordered_fields ... ok
test _internal::ast::visitor_tests::tests::create_enum_extracts_ordered_and_escaped_labels ... ok
test _internal::ast::visitor_tests::tests::create_function_window_option_is_typed ... ok
test _internal::ast::visitor_tests::tests::create_index_retains_eligibility_proof_facts ... ok
test _internal::ast::visitor_tests::tests::create_table_like_preserves_catalog_object_selections ... ok
test _internal::ast::visitor_tests::tests::create_role_and_user_apply_postgresql_defaults ... ok
test _internal::ast::visitor_tests::tests::create_sequence_preserves_typed_parameters_and_persistence ... ok
test _internal::ast::visitor_tests::tests::create_table_like_preserves_supported_property_selection ... ok
test _internal::ast::visitor_tests::tests::create_table_inherits_preserves_all_parent_references ... ok
test _internal::ast::visitor_tests::tests::create_table_identity_column_is_non_null ... ok
test _internal::ast::visitor_tests::tests::expression_indexes_preserve_index_rule_metadata ... ok
test _internal::ast::visitor_tests::tests::create_table_preserves_virtual_generated_column_kind ... ok
test _internal::ast::visitor_tests::tests::create_table_preserves_stored_generated_column_expression ... ok
test _internal::ast::visitor_tests::tests::create_table_preserves_table_check_and_exclusion_constraint_names ... ok
test _internal::ast::visitor_tests::tests::drop_index_preserves_qualified_quoted_identity ... ok
test _internal::ast::visitor_tests::tests::detach_partition_preserves_its_lifecycle_mode ... ok
test _internal::ast::visitor_tests::tests::function_options_use_typed_targets_and_decode_literals ... ok
test _internal::ast::visitor_tests::tests::incomplete_replication_alters_do_not_target_an_empty_name ... ok
test _internal::ast::visitor_tests::tests::grant_role_membership_is_not_confused_with_keyword_privileges ... ok
test _internal::ast::visitor_tests::tests::expression_column_rename_preserves_functions_literals_and_unicode ... ok
test _internal::ast::visitor_tests::tests::nested_function_arguments_preserve_volatility ... ok
test _internal::ast::visitor_tests::tests::key_constraint_columns_preserve_keyword_and_quoted_names ... ok
test _internal::ast::visitor_tests::tests::grant_extracts_keyword_token_privileges_from_nested_role_name_ref ... ok
test _internal::ast::visitor_tests::tests::global_object_identifiers_follow_postgresql_case_rules ... ok
test _internal::ast::visitor_tests::tests::lock_and_truncate_preserve_targets_and_options ... ok
test _internal::ast::visitor_tests::tests::generated_prefix_operators_preserve_semantics_and_dependencies ... ok
test _internal::ast::visitor_tests::tests::parser_accepts_postgres_19_property_graph_syntax_as_opaque ... ok
test _internal::ast::visitor_tests::tests::partition_keys_empty_when_key_has_unsupported_modifiers ... ok
test _internal::ast::visitor_tests::tests::partition_keys_resolved_at_visitor_time_for_simple_columns ... ok
test _internal::ast::visitor_tests::tests::partition_strategy_ignores_comments_and_preserves_bound_identity ... ok
test _internal::ast::visitor_tests::tests::parser_accepts_lf_crlf_and_cr_line_endings ... ok
test _internal::ast::visitor_tests::tests::prepare_transaction_uses_the_typed_literal_and_decodes_quotes ... ok
test _internal::ast::visitor_tests::tests::qualified_trigger_function_preserves_schema ... ok
test _internal::ast::visitor_tests::tests::postgres17_maintain_privilege_is_extracted_from_grant_and_revoke ... ok
test _internal::ast::visitor_tests::tests::partition_keys_resolved_for_multi_column_and_quoted_names ... ok
test _internal::ast::visitor_tests::tests::prepared_transaction_completion_does_not_end_the_current_transaction ... ok
test _internal::ast::visitor_tests::tests::publication_and_subscription_alter_actions_are_typed ... ok
test _internal::ast::visitor_tests::tests::reset_extracts_only_modeled_settings ... ok
test _internal::ast::visitor_tests::tests::revoke_extracts_keyword_token_privileges_from_nested_role_name_ref ... ok
test _internal::ast::visitor_tests::tests::set_local_session_authorization_sets_local_flag ... ok
test _internal::ast::visitor_tests::tests::set_local_search_path_and_quoted_default_are_distinct ... ok
test _internal::ast::visitor_tests::tests::select_into_preserves_relation_name_and_persistence ... ok
test _internal::ast::visitor_tests::tests::set_role_current_role_is_not_treated_as_valid_postgres_sql ... ok
test _internal::ast::visitor_tests::tests::set_local_role_sets_local_flag ... ok
test _internal::ast::visitor_tests::tests::set_role_current_user_is_not_treated_as_valid_postgres_sql ... ok
test _internal::ast::visitor_tests::tests::set_session_authorization_decodes_escape_string_literal ... ok
test _internal::ast::visitor_tests::tests::set_session_authorization_literal_unescapes_sql_quotes ... ok
test _internal::ast::visitor_tests::tests::set_session_authorization_default_produces_none_role ... ok
test _internal::ast::visitor_tests::tests::routine_identity_excludes_out_parameters_in_alter_and_drop_signatures ... ok
test _internal::ast::visitor_tests::tests::set_session_authorization_named_is_session_auth ... ok
test _internal::ast::visitor_tests::tests::role_membership_set_option_is_extracted ... ok
test _internal::ast::visitor_tests::tests::set_role_named_produces_set_role_fact ... ok
test _internal::ast::visitor_tests::tests::set_role_none_produces_none_role ... ok
test _internal::ast::visitor_tests::tests::squawk_264_function_types_preserve_percent_and_table_signatures ... ok
test _internal::ast::visitor_tests::tests::squawk_264_alter_constraint_and_using_wrappers_preserve_facts ... ok
test _internal::ast::visitor_tests::tests::subscription_connection_literals_use_postgresql_string_decoding ... ok
test _internal::ast::visitor_tests::tests::squawk_264_validation_matrix_rejects_invalid_expression_shapes ... ok
test _internal::ast::visitor_tests::tests::squawk_264_typed_alter_table_children_preserve_facts ... ok
test _internal::ast::visitor_tests::tests::temporary_table_on_commit_uses_the_typed_action ... ok
test _internal::ast::visitor_tests::tests::squawk_264_typed_view_sequence_policy_and_function_children_preserve_facts ... ok
test _internal::ast::visitor_tests::tests::test_alter_schema ... ok
test _internal::ast::visitor_tests::tests::squawk_264_typed_replication_and_privilege_children_preserve_facts ... ok
test _internal::ast::visitor_tests::tests::test_alter_table_add_column ... ok
test _internal::ast::visitor_tests::tests::test_alter_table_attach_partition ... ok
test _internal::ast::visitor_tests::tests::test_alter_table_exclusion_constraint ... ok
test _internal::ast::visitor_tests::tests::test_alter_table_drop_column ... ok
test _internal::ast::visitor_tests::tests::test_alter_table_drop_not_null ... ok
test _internal::ast::visitor_tests::tests::test_alter_table_detach_partition ... ok
test _internal::ast::visitor_tests::tests::test_alter_table_primary_key_using_index ... ok
test _internal::ast::visitor_tests::tests::test_alter_table_rename_column ... ok
test _internal::ast::visitor_tests::tests::test_alter_table_set_not_null ... ok
test _internal::ast::visitor_tests::tests::test_alter_table_rename_table ... ok
test _internal::ast::visitor_tests::tests::test_alter_table_unique_using_index ... ok
test _internal::ast::visitor_tests::tests::test_begin_transaction ... ok
test _internal::ast::visitor_tests::tests::test_commit_and_chain ... ok
test _internal::ast::visitor_tests::tests::test_create_index ... ok
test _internal::ast::visitor_tests::tests::test_commit_transaction ... ok
test _internal::ast::visitor_tests::tests::test_clock_timestamp_is_volatile ... ok
test _internal::ast::visitor_tests::tests::test_create_index_unique ... ok
test _internal::ast::visitor_tests::tests::test_create_index_concurrently ... ok
test _internal::ast::visitor_tests::tests::test_create_index_with_predicate ... ok
test _internal::ast::visitor_tests::tests::test_create_table_if_not_exists ... ok
test _internal::ast::visitor_tests::tests::test_create_schema ... ok
test _internal::ast::visitor_tests::tests::test_create_table_temporary ... ok
test _internal::ast::visitor_tests::tests::test_create_table_preserves_inline_constraint_names ... ok
test _internal::ast::visitor_tests::tests::test_create_materialized_view ... ok
test _internal::ast::visitor_tests::tests::test_create_index_using_method ... ok
test _internal::ast::visitor_tests::tests::test_create_table_unlogged ... ok
test _internal::ast::visitor_tests::tests::test_create_table_with_quoted_identifiers ... ok
test _internal::ast::visitor_tests::tests::test_drop_index ... ok
test _internal::ast::visitor_tests::tests::test_create_view ... ok
test _internal::ast::visitor_tests::tests::test_current_timestamp_is_stable ... ok
test _internal::ast::visitor_tests::tests::test_drop_materialized_view ... ok
test _internal::ast::visitor_tests::tests::test_do_block ... ok
test _internal::ast::visitor_tests::tests::test_create_table_with_default_expr ... ok
test _internal::ast::visitor_tests::tests::test_drop_view ... ok
test _internal::ast::visitor_tests::tests::test_expr_ir_is_volatile_binary_op ... ok
test _internal::ast::visitor_tests::tests::test_create_table_with_columns ... ok
test _internal::ast::visitor_tests::tests::test_expr_ir_is_volatile_cast ... ok
test _internal::ast::visitor_tests::tests::test_execute_stmt ... ok
test _internal::ast::visitor_tests::tests::test_expr_ir_is_volatile_case_expr ... ok
test _internal::ast::visitor_tests::tests::test_expr_ir_is_volatile_column_ref ... ok
test _internal::ast::visitor_tests::tests::test_drop_schema ... ok
test _internal::ast::visitor_tests::tests::test_expr_ir_is_volatile_literal ... ok
test _internal::ast::visitor_tests::tests::test_expr_ir_is_volatile_now ... ok
test _internal::ast::visitor_tests::tests::test_drop_table ... ok
test _internal::ast::visitor_tests::tests::test_drop_table_cascade ... ok
test _internal::ast::visitor_tests::tests::test_drop_table_if_exists ... ok
test _internal::ast::visitor_tests::tests::test_expr_ir_is_volatile_omitted ... ok
test _internal::ast::visitor_tests::tests::test_expr_ir_opaque_sentinel_is_not_dependency_proof ... ok
test _internal::ast::visitor_tests::tests::test_expr_ir_is_volatile_random ... ok
test _internal::ast::visitor_tests::tests::test_expr_ir_nested_opaque_sentinel_is_detected ... ok
test _internal::ast::visitor_tests::tests::test_expr_ir_structural_sentinels_are_detected ... ok
test _internal::ast::visitor_tests::tests::test_expr_ir_is_volatile_gen_random_uuid ... ok
test _internal::ast::visitor_tests::tests::test_ident_resolve_quoted ... ok
test _internal::ast::visitor_tests::tests::test_now_is_stable_not_volatile ... ok
test _internal::ast::visitor_tests::tests::test_qualified_name_new ... ok
test _internal::ast::visitor_tests::tests::test_refresh_materialized_view ... ok
test _internal::ast::visitor_tests::tests::test_grant_extracts_individual_table_privileges ... ok
test _internal::ast::visitor_tests::tests::test_multiple_statements ... ok
test _internal::ast::visitor_tests::tests::test_quoted_identifiers_unescape_doubled_quotes ... ok
test _internal::ast::visitor_tests::tests::test_ident_resolve_unquoted ... ok
test _internal::ast::visitor_tests::tests::test_rollback ... ok
test _internal::ast::visitor_tests::tests::test_release_savepoint ... ok
test _internal::ast::visitor_tests::tests::test_savepoint ... ok
test _internal::ast::visitor_tests::tests::test_rollback_and_chain ... ok
test _internal::ast::visitor_tests::tests::test_rollback_to_savepoint ... ok
test _internal::ast::visitor_tests::tests::test_savepoint_identifier_casing_matches_postgres ... ok
test _internal::ast::visitor_tests::tests::test_vacuum ... ok
test _internal::ast::visitor_tests::tests::test_set_search_path_default ... ok
test _internal::ast::visitor_tests::tests::test_set_search_path_preserves_user_placeholder ... ok
test _internal::ast::visitor_tests::tests::test_set_time_zone_does_not_produce_a_search_path_fact ... ok
test _internal::ast::visitor_tests::tests::test_vacuum_full ... ok
test _internal::ast::visitor_tests::tests::unquoted_identifiers_use_postgres_ascii_folding ... ok
test _internal::ast::visitor_tests::tests::test_vacuum_with_table ... ok
test _internal::ast::visitor_tests::tests::typed_column_default_metadata_options_preserve_reset_semantics ... ok
test _internal::ast::visitor_tests::tests::unsupported_alter_type_actions_are_not_silent_noops ... ok
test _internal::ast::visitor_tests::tests::unsupported_alter_view_actions_are_not_silent_noops ... ok
test _internal::ast::visitor_tests::tests::unsupported_create_materialized_view_population_is_not_silent ... ok
test _internal::ast::visitor_tests::tests::unsupported_create_domain_constraints_are_not_silent ... ok
test _internal::ast::visitor_tests::tests::unsupported_alter_materialized_view_actions_are_not_silent_noops ... ok
test _internal::ast::visitor_tests::tests::unsupported_create_non_enum_types_are_not_silent ... ok
test _internal::ast::visitor_tests::tests::trigger_user_target_is_preserved_without_including_constraint_triggers ... ok
test _internal::ast::visitor_tests::tests::timeout_settings_extract_scope_units_defaults_and_invalid_values ... ok
test _internal::ast::visitor_tests::tests::typed_column_storage_and_generated_expression_options_preserve_values ... ok
test _internal::ast::visitor_tests::tests::unsupported_create_role_options_are_not_silent_noops ... ok
test _internal::ast::visitor_tests::tests::unsupported_create_view_semantics_are_not_silent_noops ... ok
test _internal::ast::visitor_tests::tests::unsupported_create_table_as_transaction_lifecycle_is_not_silent ... ok
test _internal::ast::visitor_tests::tests::unsupported_create_policy_semantics_are_not_silent ... ok
test _internal::db::cache::tests::current_cache_allows_public_privilege_grantee ... ok
test _internal::db::cache::tests::current_cache_accepts_pending_partition_detach ... ok
test _internal::db::cache::tests::current_cache_accepts_non_unique_exclusion_backing_index ... ok
test _internal::db::cache::tests::current_cache_format_is_v8 ... ok
test _internal::db::cache::tests::current_cache_accepts_explicit_scope_in_caller_order ... ok
test _internal::db::cache::tests::current_cache_accepts_a_valid_primary_key_record ... ok
test _internal::db::cache::tests::current_cache_rejects_ambiguous_relation_columns ... ok
test _internal::db::cache::tests::current_cache_rejects_circular_role_membership ... ok
test _internal::db::cache::tests::current_cache_rejects_ambiguous_schema_scope_and_search_path ... ok
test _internal::db::cache::tests::current_cache_rejects_constraint_dependency_on_a_missing_column ... ok
test _internal::db::cache::tests::current_cache_rejects_dangling_index_relationship ... ok
test _internal::db::cache::tests::current_cache_rejects_duplicate_generated_dependency_rows ... ok
test _internal::db::cache::tests::current_cache_rejects_duplicate_view_dependencies ... ok
test _internal::db::cache::tests::current_cache_rejects_an_unsupported_postgresql_version ... ok
test _internal::db::cache::tests::current_cache_rejects_empty_relation_column_identity ... ok
test _internal::db::cache::tests::current_cache_rejects_cross_catalog_contradictions ... ok
test _internal::db::cache::tests::current_cache_rejects_empty_provenance_identities ... ok
test _internal::db::cache::tests::current_cache_rejects_generated_dependency_on_a_missing_source_column ... ok
test _internal::db::cache::tests::current_cache_rejects_empty_view_dependency_column ... ok
test _internal::db::cache::tests::current_cache_rejects_inconsistent_role_membership_edges ... ok
test _internal::db::cache::tests::current_cache_rejects_index_colliding_with_relation_namespace_object ... ok
test _internal::db::cache::tests::current_cache_rejects_index_in_a_different_schema_than_relation ... ok
test _internal::db::cache::tests::current_cache_rejects_incomplete_foreign_key_operator_evidence ... ok
test _internal::db::cache::tests::current_cache_rejects_external_boundary_identity_outside_scope ... ok
test _internal::db::cache::tests::current_cache_rejects_index_without_complete_dependency_evidence ... ok
test _internal::db::cache::tests::current_cache_rejects_invalid_column_inheritance_provenance ... ok
test _internal::db::cache::tests::current_cache_rejects_invalid_foreign_key_column_identity ... ok
test _internal::db::cache::tests::current_cache_rejects_malformed_publication_scope_metadata ... ok
test _internal::db::cache::tests::current_cache_rejects_mismatched_embedded_identity ... ok
test _internal::db::cache::tests::current_cache_rejects_mismatched_schema_coverage ... ok
test _internal::db::cache::tests::current_cache_rejects_owner_absent_from_role_catalog ... ok
test _internal::db::cache::tests::current_cache_rejects_noncanonical_object_identities ... ok
test _internal::db::cache::tests::current_cache_rejects_repeated_constraint_key_columns ... ok
test _internal::db::cache::tests::current_cache_rejects_population_state_on_non_materialized_relation ... ok
test _internal::db::cache::tests::current_cache_rejects_membership_options_without_membership ... ok
test _internal::db::cache::tests::current_cache_rejects_privilege_for_missing_role ... ok
test _internal::db::cache::tests::current_cache_rejects_schema_qualified_role_identity ... ok
test _internal::db::cache::tests::current_cache_rejects_sequence_colliding_with_relation_namespace_object ... ok
test _internal::db::cache::tests::current_cache_rejects_malformed_relation_and_column_options ... ok
test _internal::db::cache::tests::current_cache_rejects_subscription_owner_outside_role_catalog ... ok
test _internal::db::cache::tests::current_cache_rejects_self_referencing_generated_dependency ... ok
test _internal::db::cache::tests::current_cache_rejects_schema_qualified_role_membership_target ... ok
test _internal::db::cache::tests::current_cache_rejects_repeated_foreign_key_columns ... ok
test _internal::db::cache::tests::current_cache_rejects_trigger_in_a_different_schema_than_table ... ok
test _internal::db::cache::tests::current_cache_rejects_view_dependency_with_a_non_view_dependent ... ok
test _internal::db::cache::tests::current_cache_rejects_typed_table_with_missing_or_mismatched_type ... ok
test _internal::db::cache::tests::scoped_cache_accepts_a_dependency_to_an_omitted_schema ... ok
test _internal::db::cache::tests::current_cache_rejects_view_dependency_on_a_missing_column ... ok
test _internal::db::cache::tests::every_legacy_cache_variant_is_rejected_generically ... ok
test _internal::db::cache::tests::current_cache_validates_stable_direct_inheritance ... ok
test _internal::db::cache_file::tests::decode_hex_key_requires_exact_hex_key_material ... ok
test _internal::db::cache_file::tests::encryption_configuration_is_validated_without_payload_processing ... ok
test _internal::model::data_type::tests::lossy_narrowing_array_dimension_change ... ok
test _internal::model::data_type::tests::character_limit_and_atttypmod ... ok
test _internal::db::cache_file::tests::encryption_required_rejects_plaintext_cache_bytes ... ok
test _internal::model::data_type::tests::canonical_alias_round_trip ... ok
test _internal::model::data_type::tests::lossy_narrowing_character ... ok
test _internal::db::cache_file::tests::explicit_key_round_trip_does_not_require_process_environment ... ok
test _internal::model::data_type::tests::lossy_narrowing_integer ... ok
test _internal::db::cache_file::tests::encrypted_cache_round_trip_authenticates_the_payload ... ok
test _internal::model::data_type::tests::numeric_params_extraction ... ok
test _internal::model::data_type::tests::numeric_scale_extraction ... ok
test _internal::db::cache_file::tests::cache_file_reader_rejects_data_beyond_its_limit ... ok
test _internal::model::relation::tests::changing_column_type_clears_stale_catalog_metadata ... ok
test _internal::model::relation::tests::direct_grant_option_revoke_removes_provenance ... ok
test _internal::model::relation::tests::targeted_revoke_preserves_a_privilege_from_another_grantor ... ok
test _internal::report::interactive::tests::interactive_mode_explains_when_terminal_is_incomplete ... ok
test _internal::model::relation::tests::targeted_revoke_detects_missing_grantor_provenance ... ok
test _internal::model::relation::tests::targeted_grant_option_revoke_detects_missing_provenance ... ok
test _internal::report::reporter_tests::tests::location_aware_json_adds_registry_metadata_without_changing_schema_version ... ok
test _internal::report::reporter_tests::tests::markdown_report_uses_a_safe_fence_for_sql_containing_backticks ... ok
test _internal::report::reporter_tests::tests::markdown_sql_blocks_render_controls_inertly ... ok
test _internal::report::reporter_tests::tests::markdown_inline_values_cannot_create_report_structure ... ok
test _internal::report::reporter_tests::tests::markdown_inline_values_render_controls_inertly ... ok
test _internal::report::reporter_tests::tests::outcome_reports_include_structured_evidence ... ok
test _internal::report::reporter_tests::tests::test_exact_safe_verdict_does_not_guarantee_deployment ... ok
test _internal::report::reporter_tests::tests::terminal_values_render_control_characters_inertly ... ok
test _internal::report::reporter_tests::tests::test_reporter_clean_names ... ok
test _internal::report::reporter_tests::tests::test_tainted_safe_verdict_requires_review ... ok
test _internal::report::reporter_tests::tests::test_tainted_safe_with_risk_keeps_backup_guidance ... ok
test _internal::report::reporter_tests::tests::test_reporter_print_empty ... ok
test _internal::report::reporter_tests::tests::test_verdict_cautious_tier2 ... ok
test _internal::report::reporter_tests::tests::representative_reports_match_complete_goldens ... ok
test _internal::report::reporter_tests::tests::test_reporter_print_violations ... ok
test _internal::report::reporter_tests::tests::test_no_color_toggling ... ok
test _internal::report::reporter_tests::tests::test_markdown_report_includes_the_same_finding_and_location_data ... ok
test _internal::report::reporter_tests::tests::test_verdict_halt_tier1 ... ok
test _internal::report::reporter_tests::tests::test_verdict_safe ... ok
test _internal::rules::registry::tests::descriptors_advertise_only_configuration_the_rules_consume ... ok
test _internal::rules::conflict::tests::test_conflict_rule_silent_on_applied ... ok
test _internal::rules::registry::tests::descriptors_have_unique_ids_matching_the_rules_they_construct ... ok
test _internal::report::reporter_tests::tests::test_inferred_schema_label ... ok
test _internal::report::reporter_tests::tests::test_verdict_safe_with_risk ... ok
test _internal::rules::registry::tests::stateful_rules_declare_their_required_capabilities ... ok
test _internal::rules::conflict::tests::test_conflict_rule_emits_tier1_on_conflict ... ok
test _internal::report::reporter_tests::tests::test_verdict_empty ... ok
test _internal::sync::atomic_write_tests::bare_cache_filenames_use_the_current_directory_as_parent ... ok
test _internal::sync::atomic_write_tests::cache_writer_rejects_oversized_decoded_payload_before_replacement ... ok
test _internal::rules::registry::tests::threshold_validation_requires_tier1_at_or_above_tier2 ... ok
test _internal::rules::registry::tests::unsupported_per_rule_thresholds_are_rejected ... ok
test _internal::sync::atomic_write_tests::production_cache_writer_preserves_old_bytes_after_pre_install_failure ... ok
test _internal::sync::atomic_write_tests::cache_writer_rejects_oversized_encoded_payload_before_replacement ... ok
test _internal::sync::catalog_conversion_tests::known_catalog_codes_convert_without_fallbacks ... ok
test _internal::sync::catalog_conversion_tests::schema_scope_rejects_empty_identity ... ok
test _internal::sync::catalog_conversion_tests::schema_scope_is_deduplicated_without_reordering ... ok
test _internal::sync::catalog_conversion_tests::unknown_catalog_codes_are_actionable_errors ... ok
test _internal::sync_tests::tests::cache_column_payloads_missing_semantic_fields_require_resync ... ok
test _internal::sync_tests::tests::catalog_options_preserve_complete_column_and_relation_metadata ... ok
test _internal::sync::catalog_conversion_tests::connection_timeout_default_preserves_an_explicit_value ... ok
test _internal::sync_tests::tests::domain_type_identity_link_does_not_change_the_cache_bincode_layout ... ok
test _internal::sync_tests::tests::test_database_config_rejects_remote_hostaddr ... ok
test _internal::sync_tests::tests::routine_kind_is_part_of_the_final_v6_layout ... ok
test _internal::sync_tests::tests::test_db_cache_empty_serialization ... ok
test _internal::sync_tests::tests::test_remote_host_detection_keeps_local_connections_supported ... ok
test _internal::sync_tests::tests::test_db_cache_column_sync_fields ... ok
test _internal::sync_tests::tests::test_scoped_sync_preserves_live_priority_within_the_scope ... ok
test _internal::sync_tests::tests::test_db_cache_serialization_roundtrip ... ok
test _internal::sync_tests::tests::test_search_path_setting_parser_preserves_user_and_quoted_identifiers ... ok
test _internal::sync_tests::tests::test_scoped_sync_uses_the_explicit_scope_as_search_path ... ok
test _internal::sync_tests::tests::test_sync_requires_postgresql_14_or_newer ... ok
test _internal::sync_tests::tests::test_synced_relation_owner_uses_role_identity ... ok
test _internal::sync_tests::tests::test_system_schema_detection_covers_catalog_and_toast ... ok
test _internal::sync_tests::tests::test_unscoped_sync_preserves_the_database_search_path ... ok
test _internal::sync_tests::tests::test_v3_cache_requires_resync ... ok
test _internal::sync_tests::tests::test_blank_database_url_failure_preserves_existing_cache ... ok
test api::config::tests::command_schema_filter_takes_precedence ... ok
test api::config::tests::empty_schema_scope_is_rejected ... ok
test _internal::sync_tests::tests::remote_database_rejection_does_not_echo_credentials ... ok
test api::config::tests::known_rule_ids_are_accepted ... ok
test _internal::sync_tests::tests::test_sync_failure_preserves_existing_cache ... ok
test api::config::tests::unknown_configuration_fields_are_rejected ... ok
test api::config::tests::unknown_rule_ids_are_reported_together ... ok
test api::tests::future_dated_baseline_is_not_treated_as_fresh ... ok
test api::tests::markdown_inline_values_render_controls_inertly ... ok
test internal_tests::alter_schema_visitor::alter_schema_visitor_test::test_alter_schema_pipeline ... ok
test _internal::sync_tests::tests::test_sync_cache_failure_no_db_url ... ok
test _internal::sync_tests::tests::test_whitespace_database_url_failure_preserves_existing_cache ... ok
test api::config::tests::optional_and_required_missing_config_have_distinct_behavior ... ok
test api::config::tests::granular_rule_configuration_is_loaded ... ok
test _internal::sync::atomic_write_tests::concurrent_cache_writers_leave_one_complete_decodable_payload ... ok
test _internal::sync::atomic_write_tests::production_cache_writer_atomically_replaces_and_decodes ... ok
test internal_tests::architectural_gaps::architectural_gap_tests::exact_baseline_treats_missing_unguarded_drop_as_conflict ... ok
test internal_tests::architectural_gaps::architectural_gap_tests::test_alter_table_enable_always_replica_trigger_does_not_crash ... ok
test internal_tests::architectural_gaps::architectural_gap_tests::test_alter_table_disable_enable_trigger_typed ... ok
test internal_tests::architectural_gaps::architectural_gap_tests::drop_without_cascade_reports_conflict_and_preserves_dependents ... ok
test internal_tests::architectural_gaps::architectural_gap_tests::test_alter_table_cluster_on_does_not_crash ... ok
test internal_tests::architectural_gaps::architectural_gap_tests::test_alter_table_merge_split_partition_does_not_crash ... ok
test internal_tests::architectural_gaps::architectural_gap_tests::test_alter_table_inherit_does_not_crash ... ok
test internal_tests::architectural_gaps::architectural_gap_tests::test_alter_table_owner_to_does_not_crash ... ok
test internal_tests::architectural_gaps::architectural_gap_tests::test_alter_table_set_schema_does_not_crash ... ok
test internal_tests::architectural_gaps::architectural_gap_tests::test_alter_table_logged_unlogged_does_not_crash ... ok
test internal_tests::architectural_gaps::architectural_gap_tests::test_alter_table_set_tablespace_does_not_crash ... ok
test internal_tests::architectural_gaps::architectural_gap_tests::test_alter_table_replica_identity_does_not_crash ... ok
test internal_tests::architectural_gaps::architectural_gap_tests::test_alter_table_rls_force_does_not_crash ... ok
test internal_tests::architectural_gaps::architectural_gap_tests::test_create_domain_recreation ... ok
test internal_tests::architectural_gaps::architectural_gap_tests::test_concurrent_index_rollback ... ok
test internal_tests::architectural_gaps::architectural_gap_tests::test_alter_table_set_access_method_typed ... ok
test internal_tests::architectural_gaps::architectural_gap_tests::test_generation_counter_rollback ... ok
test internal_tests::architectural_gaps::architectural_gap_tests::test_if_not_exists_preserves_original_metadata ... ok
test internal_tests::architectural_gaps::architectural_gap_tests::test_deep_rename_traversal_cascade ... ok
test internal_tests::architectural_gaps::architectural_gap_tests::test_drop_schema_cascade_cleans_renames ... ok
test internal_tests::architectural_gaps::architectural_gap_tests::test_multi_schema_search_path_resolution ... ok
test internal_tests::architectural_gaps::architectural_gap_tests::test_opaque_confidence_taint_persistence ... ok
test internal_tests::architectural_gaps::architectural_gap_tests::test_fk_parent_table_lock_escalation ... ok
test internal_tests::architectural_gaps::architectural_gap_tests::test_partition_children_cascade_enumeration ... ok
test internal_tests::architectural_gaps::architectural_gap_tests::test_nested_release_savepoint_chain ... ok
test internal_tests::architectural_gaps::architectural_gap_tests::test_partition_graph_cleanup_on_drop ... ok
test internal_tests::architectural_gaps::architectural_gap_tests::test_partition_cycle_rejection ... ok
test internal_tests::architectural_gaps::architectural_gap_tests::test_quoted_ident_search_path ... ok
test internal_tests::architectural_gaps::architectural_gap_tests::test_search_path_existence_check ... ok
test internal_tests::architectural_gaps::architectural_gap_tests::test_rename_updates_fk_graph_edges ... ok
test internal_tests::architectural_gaps::architectural_gap_tests::test_stale_view_edge_cleanup ... ok
test internal_tests::architectural_gaps::architectural_gap_tests::test_tablespace_access_method_rewrite ... ok
test internal_tests::architectural_gaps::architectural_gap_tests::test_view_dependency_cte_isolation ... ok
test internal_tests::architectural_gaps::architectural_gap_tests::test_rollback_to_savepoint_partial ... ok
test internal_tests::architectural_gaps::architectural_gap_tests::test_tombstone_shadowing_recreate ... ok
test internal_tests::architectural_gaps::architectural_gap_tests::test_view_dependency_intermediate_segments_skipped ... ok
test internal_tests::bug_fixes::phase10_bug_fixes_and_sorting_tests::comment_on_is_schema_neutral_and_preserves_confidence ... ok
test internal_tests::architectural_gaps::architectural_gap_tests::test_view_dependency_schema_qualified ... ok
test internal_tests::bug_fixes::phase10_bug_fixes_and_sorting_tests::directives_in_sql_literals_do_not_suppress_rules ... ok
test internal_tests::bug_fixes::phase10_bug_fixes_and_sorting_tests::alter_type_rename_value_is_not_reported_as_add_value ... ok
test internal_tests::bug_fixes::phase10_bug_fixes_and_sorting_tests::drop_nonexistent_column_without_if_exists_reports_exact_conflict ... ok
test internal_tests::bug_fixes::phase10_bug_fixes_and_sorting_tests::non_ascii_sql_before_execute_prefix_does_not_panic_normalization ... ok
test internal_tests::bug_fixes::phase10_bug_fixes_and_sorting_tests::duplicate_column_assignments_remain_opaque ... ok
test internal_tests::bug_fixes::phase10_bug_fixes_and_sorting_tests::concurrent_index_if_not_exists_still_fails_inside_a_transaction ... ok
test internal_tests::bug_fixes::phase10_bug_fixes_and_sorting_tests::alter_quoted_column_resolves_the_created_column ... ok
test internal_tests::bug_fixes::phase10_bug_fixes_and_sorting_tests::stale_constraint_stats_do_not_flag_unrelated_alter_table_actions ... ok
test internal_tests::bug_fixes::phase10_bug_fixes_and_sorting_tests::test_add_column_now_default_not_flagged ... ok
test internal_tests::bug_fixes::phase10_bug_fixes_and_sorting_tests::drop_schema_without_cascade_taints_when_emptiness_is_not_complete_evidence ... ok
test internal_tests::bug_fixes::phase10_bug_fixes_and_sorting_tests::test_bug001_vacuum_full_all_tables ... ok
test internal_tests::bug_fixes::phase10_bug_fixes_and_sorting_tests::test_bug007_broken_compute_no_fire_on_skipped_drop ... ok
test internal_tests::bug_fixes::phase10_bug_fixes_and_sorting_tests::test_bug008_index_not_in_baseline_relations ... ok
test internal_tests::bug_fixes::phase10_bug_fixes_and_sorting_tests::postgres17_all_grant_tracks_maintain_without_leaking_to_older_versions ... ok
test internal_tests::bug_fixes::phase10_bug_fixes_and_sorting_tests::test_bug005_create_table_as_select_skips_on_skipped_mutation ... ok
test internal_tests::bug_fixes::phase10_bug_fixes_and_sorting_tests::test_bug008_index_in_baseline_indexes ... ok
test internal_tests::bug_fixes::phase10_bug_fixes_and_sorting_tests::test_bug012_partition_threshold_floor_at_one ... ok
test internal_tests::bug_fixes::phase10_bug_fixes_and_sorting_tests::test_bug013_confidence_restored_on_rollback ... ok
test internal_tests::bug_fixes::phase10_bug_fixes_and_sorting_tests::test_bug009_privilege_all_variant_consistency ... ok
test internal_tests::bug_fixes::phase10_bug_fixes_and_sorting_tests::test_bug003_broken_compute_fires_on_drop_function ... ok
test internal_tests::bug_fixes::phase10_bug_fixes_and_sorting_tests::test_bug008_stale_stats_does_not_fire_on_index ... ok
test internal_tests::bug_fixes::phase10_bug_fixes_and_sorting_tests::test_bug014_directive_comment_variations ... ok
test internal_tests::bug_fixes::phase10_bug_fixes_and_sorting_tests::test_bug014_directive_ignore_no_spaces ... ok
test internal_tests::bug_fixes::phase10_bug_fixes_and_sorting_tests::test_bug016_rename_prevents_duplicate_column_name ... ok
test internal_tests::bug_fixes::phase10_bug_fixes_and_sorting_tests::test_bug014_directive_ignore_with_spaces ... ok
test internal_tests::bug_fixes::phase10_bug_fixes_and_sorting_tests::test_bug015_violation_sql_strips_leading_line_comments ... ok
test internal_tests::bug_fixes::phase10_bug_fixes_and_sorting_tests::test_bug017_set_default_on_nonexistent_column_is_a_conflict ... ok
test internal_tests::bug_fixes::phase10_bug_fixes_and_sorting_tests::test_bug014_directive_ignore_file_with_spaces ... ok
test internal_tests::bug_fixes::phase10_bug_fixes_and_sorting_tests::test_bug017_set_type_on_nonexistent_column_is_a_conflict ... ok
test internal_tests::bug_fixes::phase10_bug_fixes_and_sorting_tests::test_bug017_set_type_on_existing_column_succeeds ... ok
test internal_tests::bug_fixes::phase10_bug_fixes_and_sorting_tests::test_bug015_violation_sql_strips_leading_block_comments ... ok
test internal_tests::bug_fixes::phase10_bug_fixes_and_sorting_tests::test_bug018_drop_schema_no_cascade_conflicts_when_table_exists ... ok
test internal_tests::bug_fixes::phase10_bug_fixes_and_sorting_tests::test_bug018_drop_schema_cascade_still_applied_with_table ... ok
test internal_tests::bug_fixes::phase10_bug_fixes_and_sorting_tests::test_bug014_drop_schema_cascade_cleans_trigger_edges ... ok
test internal_tests::bug_fixes::phase10_bug_fixes_and_sorting_tests::test_deterministic_violation_sorting ... ok
test internal_tests::bug_fixes::phase10_bug_fixes_and_sorting_tests::test_finding2_alter_type_add_value_silent_outside_txn ... ok
test internal_tests::bug_fixes::phase10_bug_fixes_and_sorting_tests::test_drop_index_no_stale_stats_warning ... ok
test internal_tests::bug_fixes::phase10_bug_fixes_and_sorting_tests::test_finding2_alter_type_add_value_fires_inside_txn ... ok
test internal_tests::bug_fixes::phase10_bug_fixes_and_sorting_tests::test_manual_violation_sorting ... ok
test internal_tests::bug_fixes::phase10_bug_fixes_and_sorting_tests::test_finding2_partition_strategy_mismatch_silent_on_match ... ok
test internal_tests::bug_fixes::phase10_bug_fixes_and_sorting_tests::test_finding2_partition_strategy_mismatch_silent_on_regular_child ... ok
test internal_tests::bug_fixes::phase10_bug_fixes_and_sorting_tests::test_finding8_drop_column_if_exists_with_existing_column ... ok
test internal_tests::bug_fixes::phase10_bug_fixes_and_sorting_tests::test_finding2_partition_strategy_mismatch_fires_on_mismatch ... ok
test internal_tests::bug_fixes::phase10_bug_fixes_and_sorting_tests::test_finding8_drop_column_if_exists_noop ... ok
test internal_tests::chain_execution::chain_execution_tests::test_chain_state_persists_across_files ... ok
test internal_tests::chain_execution::chain_execution_tests::test_chain_conflict_same_column_same_type_without_if_not_exists ... ok
test internal_tests::bug_fixes::phase10_bug_fixes_and_sorting_tests::test_source_range_excludes_preceding_comments ... ok
test internal_tests::chain_execution::chain_execution_tests::test_chain_conflict_same_column_different_type ... ok
test internal_tests::chain_execution::chain_execution_tests::test_chain_rename_visible_across_files ... ok
test internal_tests::chain_execution::chain_execution_tests::test_chain_no_conflict_same_column_same_type ... ok
test _internal::analysis::graph::tests::indexes_track_every_graph_mutation_and_alias_cycle ... ok
warning: method `is_integer` is never used
  --> src/_internal/model/data_type.rs:98:19
   |
30 | impl DataTypeFamily {
   | ------------------- method in this implementation
...
98 |     pub(crate) fn is_integer(self) -> bool {
   |                   ^^^^^^^^^^
   |
   = note: `#[warn(dead_code)]` (part of `#[warn(unused)]`) on by default

warning: method `atttypmod_offset` is never used
   --> src/_internal/model/data_type.rs:195:19
    |
131 | impl ParsedDataType {
    | ------------------- method in this implementation
...
195 |     pub(crate) fn atttypmod_offset(&self) -> Option<i32> {
    |                   ^^^^^^^^^^^^^^^^

warning: `safe-migrate` (lib) generated 2 warnings
    Finished `dev` profile [unoptimized + debuginfo] target(s) in 0.65s
test internal_tests::cli_tests::init_cache_key_generates_expected_secret_format ... ok
test internal_tests::cli_tests::empty_configured_schema_scope_fails_before_auto_sync ... ok
test internal_tests::cli_tests::lint_chain_rejects_a_directory_without_sql_files ... ok
test internal_tests::cli_tests::init_github_actions_supports_a_custom_default_branch_and_output_directory ... ok
test internal_tests::cli_tests::explicit_missing_config_is_an_error_for_lint_and_rules ... ok
test internal_tests::cli_tests::init_github_actions_does_not_read_secrets_from_noninteractive_input ... ok
test internal_tests::cli_tests::rules_command_separates_human_descriptors ... ok
test internal_tests::cli_tests::init_cache_key_sends_secret_to_github_cli_over_stdin ... ok
test internal_tests::cli_tests::test_cache_inspect_human_summary_discloses_redaction ... ok
test internal_tests::cli_tests::rules_command_lists_registry_descriptors_in_json ... ok
test internal_tests::cli_tests::test_cache_inspect_outputs_a_redacted_json_summary ... ok
test internal_tests::cli_tests::test_cache_inspect_rejects_unsupported_legacy_cache_without_exposing_its_version ... ok
test internal_tests::cli_tests::test_cache_inspect_rejects_unknown_unheadered_cache_generically ... ok
test internal_tests::cli_tests::init_github_actions_creates_separate_analysis_and_baseline_workflows ... ok
test internal_tests::cli_tests::rules_command_filters_one_rule_and_rejects_unknown_ids ... ok
test internal_tests::cli_tests::test_cache_inspect_rejects_headered_legacy_caches ... ok
test internal_tests::cli_tests::test_cli_auto_sync_failure_continues_without_a_cache ... ok
test internal_tests::cli_tests::test_cli_chain_json_reports_the_source_file_for_findings ... ok
test internal_tests::cli_tests::test_cli_auto_sync_failure_uses_the_previous_cache ... ok
test internal_tests::cli_tests::test_cli_errors_render_control_characters_inertly ... ok
test internal_tests::cli_tests::test_cli_chain_json_is_machine_clean ... ok
test internal_tests::cli_tests::test_cli_auto_sync_failure_keeps_fresh_cache_confidence_exact ... ok
test internal_tests::cli_tests::test_cli_help ... ok
test internal_tests::cli_tests::test_cli_json_halt_is_json_and_uses_blocking_exit_status ... ok
test internal_tests::cli_tests::test_cli_human_halt_uses_blocking_exit_status ... ok
test internal_tests::cli_tests::test_cli_json_is_machine_clean_and_marks_missing_baseline_tainted ... ok
test internal_tests::cli_tests::test_cli_lint_invalid_cache ... ok
test internal_tests::cli_tests::test_cli_lint_nonexistent_file ... ok
test internal_tests::cli_tests::test_cli_markdown_report_is_machine_clean_and_includes_location ... ok
test internal_tests::cli_tests::test_cli_json_statement_index_counts_preceding_schema_neutral_statements ... ok
test internal_tests::cli_tests::test_cli_json_locations_preserve_offsets_through_execute_normalization ... ok
test internal_tests::cli_tests::test_cli_no_cache_bypasses_configured_auto_sync ... ok
test internal_tests::cli_tests::test_cli_no_cache_does_not_invent_schema_drift ... ok
test internal_tests::cli_tests::test_cli_no_auto_sync_uses_cache_without_database_access ... ok
test internal_tests::cli_tests::test_cli_rejects_authenticated_semantically_contradictory_v7_cache ... ok
test internal_tests::cli_tests::test_cli_rejects_json_and_markdown_together ... ok
test internal_tests::cli_tests::test_cli_rejects_json_and_interactive_together ... ok
test internal_tests::cli_tests::test_cli_rejects_trailing_data_after_streamed_cache_decode ... ok
test internal_tests::cli_tests::test_cli_rejects_malformed_cache_payload ... ok
test internal_tests::cli_tests::test_cli_rejects_semantically_contradictory_v7_cache ... ok
test internal_tests::destructive_rules::destructive_rule_tests::test_rule_drift_detection_drop_missing_table ... ok
test internal_tests::destructive_rules::destructive_rule_tests::test_rule_drift_detection_alter_missing_table ... ok
test internal_tests::destructive_rules::destructive_rule_tests::test_rule_drift_detection_drop_existing_table ... ok
test internal_tests::destructive_rules::destructive_rule_tests::test_rule_create_table_as_select ... ok
test internal_tests::cli_tests::test_cli_rejects_thresholds_unsupported_by_a_rule ... ok
test internal_tests::destructive_rules::destructive_rule_tests::test_rule_drop_database ... ok
test internal_tests::destructive_rules::destructive_rule_tests::test_rule_drift_detection_non_table_objects ... ok
test internal_tests::cli_tests::test_cli_rejects_unknown_configuration_setting ... ok
test internal_tests::cli_tests::test_cli_sync_no_db_url ... ok
test internal_tests::cli_tests::test_cli_rejects_unknown_configured_rule_id ... ok
test internal_tests::destructive_rules::destructive_rule_tests::test_rule_drop_view_cascade ... ok
test internal_tests::destructive_rules::destructive_rule_tests::test_rule_text_to_varchar_narrowing ... ok
test internal_tests::destructive_rules::destructive_rule_tests::test_rule_type_change_narrow_varchar_unbounded ... ok
test internal_tests::destructive_rules::destructive_rule_tests::test_rule_type_change_rewrite_unsafe_small ... ok
test internal_tests::destructive_rules::destructive_rule_tests::test_rule_type_change_rewrite_varchar_to_text ... ok
test internal_tests::evidence_outcome::opaque_statement_outcome_has_typed_location_aware_evidence ... ok
test internal_tests::evidence_outcome::unknown_sequence_target_has_typed_object_state_evidence ... ok
test internal_tests::exhaustive_fuzz::exhaustive_fuzz_tests::fuzz_cascade_003_drop_cascade_with_view ... ok
test internal_tests::destructive_rules::destructive_rule_tests::test_rule_varchar_narrowing_lossy ... ok
test internal_tests::exhaustive_fuzz::exhaustive_fuzz_tests::fuzz_complex_001_create_alter_drop_cycle ... ok
test internal_tests::evidence_outcome::foreign_key_type_compatibility_gap_has_catalog_evidence_not_legacy_taint ... ok
test internal_tests::exhaustive_fuzz::exhaustive_fuzz_tests::fuzz_cascade_001_drop_cascade_with_fk ... ok
test internal_tests::exhaustive_fuzz::exhaustive_fuzz_tests::fuzz_ddl_001_create_table ... ok
test internal_tests::exhaustive_fuzz::exhaustive_fuzz_tests::fuzz_complex_002_do_ddl_do_ddl ... ok
test internal_tests::exhaustive_fuzz::exhaustive_fuzz_tests::fuzz_complex_003_txn_do_ddl_rollback ... ok
test internal_tests::exhaustive_fuzz::exhaustive_fuzz_tests::fuzz_ddl_002_create_table_if_not_exists ... ok
test internal_tests::exhaustive_fuzz::exhaustive_fuzz_tests::fuzz_complex_005_concurrent_outside_txn ... ok
test internal_tests::evidence_outcome::unavailable_rule_capability_is_recorded_before_rule_evaluation ... ok
test internal_tests::exhaustive_fuzz::exhaustive_fuzz_tests::fuzz_ddl_003_create_index ... ok
test internal_tests::exhaustive_fuzz::exhaustive_fuzz_tests::fuzz_ddl_007_create_schema ... ok
test internal_tests::exhaustive_fuzz::exhaustive_fuzz_tests::fuzz_ddl_004_create_index_concurrently ... ok
test internal_tests::exhaustive_fuzz::exhaustive_fuzz_tests::fuzz_complex_004_savepoint_do_alter ... ok
test internal_tests::exhaustive_fuzz::exhaustive_fuzz_tests::fuzz_ddl_008_alter_table_add_column ... ok
test internal_tests::exhaustive_fuzz::exhaustive_fuzz_tests::fuzz_ddl_011_alter_table_set_not_null ... ok
test internal_tests::exhaustive_fuzz::exhaustive_fuzz_tests::fuzz_ddl_012_alter_table_set_type ... ok
test internal_tests::exhaustive_fuzz::exhaustive_fuzz_tests::fuzz_ddl_006_create_materialized_view ... ok
test internal_tests::exhaustive_fuzz::exhaustive_fuzz_tests::fuzz_ddl_010_alter_table_rename_column ... ok
test internal_tests::exhaustive_fuzz::exhaustive_fuzz_tests::fuzz_ddl_005_create_view ... ok
test internal_tests::exhaustive_fuzz::exhaustive_fuzz_tests::fuzz_ddl_009_alter_table_drop_column ... ok
test internal_tests::exhaustive_fuzz::exhaustive_fuzz_tests::fuzz_cascade_002_drop_no_cascade_blocked ... ok
test internal_tests::exhaustive_fuzz::exhaustive_fuzz_tests::fuzz_ddl_014_drop_table_cascade ... ok
test internal_tests::exhaustive_fuzz::exhaustive_fuzz_tests::fuzz_ddl_019_drop_schema_cascade ... ok
test internal_tests::exhaustive_fuzz::exhaustive_fuzz_tests::fuzz_ddl_015_drop_table_if_exists ... ok
test internal_tests::exhaustive_fuzz::exhaustive_fuzz_tests::fuzz_ddl_021_vacuum_full ... ok
test internal_tests::exhaustive_fuzz::exhaustive_fuzz_tests::fuzz_ddl_013_drop_table ... ok
test internal_tests::exhaustive_fuzz::exhaustive_fuzz_tests::fuzz_ddl_018_drop_schema ... ok
test internal_tests::exhaustive_fuzz::exhaustive_fuzz_tests::fuzz_ddl_022_do_block ... ok
test internal_tests::exhaustive_fuzz::exhaustive_fuzz_tests::fuzz_ddl_023_grant_all ... ok
test internal_tests::exhaustive_fuzz::exhaustive_fuzz_tests::fuzz_ddl_024_drop_database ... ok
test internal_tests::exhaustive_fuzz::exhaustive_fuzz_tests::fuzz_ddl_017_drop_materialized_view ... ok
test internal_tests::exhaustive_fuzz::exhaustive_fuzz_tests::fuzz_ddl_016_drop_view ... ok
test internal_tests::exhaustive_fuzz::exhaustive_fuzz_tests::fuzz_ddl_020_create_function ... ok
test internal_tests::exhaustive_fuzz::exhaustive_fuzz_tests::fuzz_ddl_025_create_type ... ok
test internal_tests::exhaustive_fuzz::exhaustive_fuzz_tests::fuzz_ddl_028_create_policy ... ok
test internal_tests::exhaustive_fuzz::exhaustive_fuzz_tests::fuzz_ddl_027_create_trigger ... ok
test internal_tests::exhaustive_fuzz::exhaustive_fuzz_tests::fuzz_ddl_026_alter_type_add_value ... ok
test internal_tests::exhaustive_fuzz::exhaustive_fuzz_tests::fuzz_ddl_029_duplicate_update_assignment_is_opaque ... ok
test internal_tests::exhaustive_fuzz::exhaustive_fuzz_tests::fuzz_drift_001_drop_existing_table ... ok
test internal_tests::exhaustive_fuzz::exhaustive_fuzz_tests::fuzz_drift_004_alter_nonexistent_table ... ok
test internal_tests::exhaustive_fuzz::exhaustive_fuzz_tests::fuzz_parse_001_empty_string ... ok
test internal_tests::exhaustive_fuzz::exhaustive_fuzz_tests::fuzz_drift_003_alter_existing_table ... ok
test internal_tests::exhaustive_fuzz::exhaustive_fuzz_tests::fuzz_drift_002_drop_nonexistent_table ... ok
test internal_tests::exhaustive_fuzz::exhaustive_fuzz_tests::fuzz_parse_002_comments_only ... ok
test internal_tests::exhaustive_fuzz::exhaustive_fuzz_tests::fuzz_parse_003_invalid_sql_returns_error ... ok
test internal_tests::exhaustive_fuzz::exhaustive_fuzz_tests::fuzz_size_002_small_table_drop ... ok
test internal_tests::exhaustive_fuzz::exhaustive_fuzz_tests::fuzz_size_001_large_table_drop ... ok
test internal_tests::exhaustive_fuzz::exhaustive_fuzz_tests::fuzz_order_001_violations_sorted_by_tier ... ok
test internal_tests::exhaustive_fuzz::exhaustive_fuzz_tests::fuzz_parse_004_cr_line_endings_parse_and_preserve_statement_order ... ok
test internal_tests::exhaustive_fuzz::exhaustive_fuzz_tests::fuzz_tier_001_do_block_downgrades_tier1 ... ok
test internal_tests::exhaustive_fuzz::exhaustive_fuzz_tests::fuzz_state_002_commit_removes_table ... ok
test internal_tests::exhaustive_fuzz::exhaustive_fuzz_tests::fuzz_state_001_rollback_restores_relations ... ok
test internal_tests::exhaustive_fuzz::exhaustive_fuzz_tests::fuzz_tier_002_exact_confidence_preserves_tier1 ... ok
test internal_tests::exhaustive_fuzz::exhaustive_fuzz_tests::fuzz_tier_004_multiple_taints_stay_downgraded ... ok
test internal_tests::exhaustive_fuzz::exhaustive_fuzz_tests::fuzz_txn_004_do_rollback_restores_confidence ... ok
test internal_tests::exhaustive_fuzz::exhaustive_fuzz_tests::fuzz_state_003_savepoint_partial_rollback ... ok
test internal_tests::exhaustive_fuzz::exhaustive_fuzz_tests::fuzz_txn_001_begin_commit ... ok
test internal_tests::exhaustive_fuzz::exhaustive_fuzz_tests::fuzz_txn_002_begin_rollback ... ok
test internal_tests::exhaustive_fuzz::exhaustive_fuzz_tests::fuzz_tier_003_rollback_restores_tier1 ... ok
test internal_tests::exhaustive_fuzz::exhaustive_fuzz_tests::fuzz_txn_003_savepoint_rollback ... ok
test internal_tests::exhaustive_fuzz::exhaustive_fuzz_tests::fuzz_txn_009_savepoint_release ... ok
test internal_tests::exhaustive_fuzz::exhaustive_fuzz_tests::fuzz_txn_005_do_block_taints_confidence ... ok
test internal_tests::exhaustive_fuzz::exhaustive_fuzz_tests::fuzz_txn_006_nested_savepoint_rollback ... ok
test internal_tests::expression_parsing::expression_parsing_tests::test_expr_array ... ok
test internal_tests::expression_parsing::expression_parsing_tests::test_expr_between ... ok
test internal_tests::exhaustive_fuzz::exhaustive_fuzz_tests::rollback_to_savepoint_discards_later_savepoints ... ok
test internal_tests::exhaustive_fuzz::exhaustive_fuzz_tests::fuzz_txn_008_begin_multiple_statements_rollback ... ok
test internal_tests::expression_parsing::expression_parsing_tests::test_expr_cast ... ok
test internal_tests::expression_parsing::expression_parsing_tests::test_expr_call ... ok
test internal_tests::expression_parsing::expression_parsing_tests::test_expr_bin_op ... ok
test internal_tests::exhaustive_fuzz::exhaustive_fuzz_tests::fuzz_txn_007_begin_do_rollback ... ok
test internal_tests::expression_parsing::expression_parsing_tests::test_expr_name_ref ... ok
test internal_tests::expression_parsing::expression_parsing_tests::test_expr_index ... ok
test internal_tests::expression_parsing::expression_parsing_tests::test_expr_paren ... ok
test internal_tests::expression_parsing::expression_parsing_tests::test_expr_literal ... ok
test internal_tests::expression_parsing::expression_parsing_tests::test_expr_slice ... ok
test internal_tests::expression_parsing::expression_parsing_tests::test_expr_slice_omitted ... ok
test internal_tests::expression_parsing::expression_parsing_tests::test_expr_case ... ok
test internal_tests::expression_parsing::expression_parsing_tests::test_expr_field ... ok
test internal_tests::identifier_casing::identifier_casing_tests::test_ident_unquoted_lowercase ... ok
test internal_tests::identifier_casing::identifier_casing_tests::test_ident_schema_resolution ... ok
test internal_tests::identifier_casing::identifier_casing_tests::test_ident_quoted_preserve ... ok
test internal_tests::expression_parsing::expression_parsing_tests::test_expr_prefix ... ok
test internal_tests::expression_parsing::expression_parsing_tests::test_parser_syntax_error_rejection ... ok
test internal_tests::invariant_sequences_file::invariant_sequences::cache_hydration_preserves_baseline_identity_and_state_invariants ... ok
test internal_tests::live_auto_sync::live_auto_sync_refreshes_lint_and_lint_chain ... ignored, requires a live local PostgreSQL database via DATABASE_URL
test internal_tests::live_cache_encryption::live_encrypted_cache_round_trip_and_rejection_contract ... ignored, requires a live local PostgreSQL database via DATABASE_URL
test internal_tests::live_catalog_sync::live_connected_subscription_round_trip_is_redacted_and_exact ... ignored, requires local subscriber and publisher databases
test internal_tests::live_catalog_sync::live_routine_and_replication_mutations_match_postgresql ... ignored, requires a live local PostgreSQL database via DATABASE_URL
test internal_tests::live_catalog_sync::live_sync_preserves_routine_and_replication_catalogs_without_connection_secrets ... ignored, requires a live local PostgreSQL database via DATABASE_URL
test internal_tests::live_differential_harness::constraint_definition_boolean_operands_are_paren_insensitive ... ok
test internal_tests::live_differential_harness::differential_database_guard_accepts_only_local_hosts ... ok
test internal_tests::live_catalog_sync::live_catalog_database_guard_accepts_only_local_hosts ... ok
test internal_tests::invariant_sequences_file::invariant_sequences::inverse_rename_preserves_view_dependencies ... ok
test internal_tests::live_differential_harness::autocommit_fixture_split_preserves_bodies_and_literals ... ok
test internal_tests::live_differential_harness::expected_live_error_must_reference_a_known_simulator_rule - should panic ... ok
test internal_tests::live_differential_harness::expected_live_error_must_reference_an_included_fixture - should panic ... ok
test internal_tests::live_differential_harness::expected_live_error_schema_rejects_unknown_fields ... ok
test internal_tests::invariant_sequences_file::invariant_sequences::state_invariants_hold_across_ddl_conflict_and_savepoint_rollback ... ok
test internal_tests::live_differential_harness::live_interrupted_partition_detach_finalize ... ignored, requires a disposable local PostgreSQL database via DATABASE_URL
test internal_tests::live_differential_harness::generated_expression_comparison_preserves_operators_and_literals ... ok
test internal_tests::live_differential_harness::generated_expression_comparison_resolves_only_unambiguous_known_functions ... ok
test internal_tests::live_differential_harness::live_postgres_differential_harness ... ignored, requires a live local PostgreSQL database via DATABASE_URL
test internal_tests::live_differential_harness::normalized_type_identity_preserves_modifiers_and_arrays ... ok
test internal_tests::live_differential_harness::publication_option_normalization_ignores_catalog_order ... ok
test internal_tests::live_differential_harness::publication_scope_normalization_ignores_catalog_order ... ok
test internal_tests::live_differential_harness::relation_comparison_detects_partition_metadata_differences ... ok
test internal_tests::live_differential_harness::required_role_edges_distinguish_missing_roles_from_incorrect_edges ... ok
test internal_tests::live_differential_harness::subscription_normalization_redacts_connection_and_orders_publications ... ok
test internal_tests::live_differential_harness::differential_manifest_accounts_for_every_sql_fixture ... ok
test internal_tests::invariant_sequences_file::invariant_sequences::guarded_absent_operations_are_idempotent_and_rejections_only_abort ... ok
test internal_tests::live_differential_harness::subscription_scope_reports_semantic_mismatch_without_connection_metadata ... ok
test internal_tests::live_differential_harness::state_counts_include_every_replication_family ... ok
test internal_tests::performance_scenarios_file::performance_scenarios::cache_encode_compress_encrypt_round_trip ... ignored, manual performance scenario; run with --ignored --nocapture
test internal_tests::performance_scenarios_file::performance_scenarios::large_baseline_short_chain_allocations ... ignored, manual allocation scenario; run alone with --ignored --nocapture
test internal_tests::performance_scenarios_file::performance_scenarios::large_dependency_graph_lookup_index ... ignored, manual graph-index scenario; run alone with --ignored --nocapture
test internal_tests::performance_scenarios_file::performance_scenarios::large_state_checkpoint_and_prestate_capture ... ignored, manual allocation scenario; run alone with --ignored --nocapture
test internal_tests::performance_scenarios_file::performance_scenarios::large_synchronized_baseline_hydration ... ignored, manual performance scenario; run with --ignored --nocapture
test internal_tests::performance_scenarios_file::performance_scenarios::location_rich_reports_with_many_findings ... ignored, manual performance scenario; run with --ignored --nocapture
test internal_tests::performance_scenarios_file::performance_scenarios::long_transaction_rollback ... ignored, manual performance scenario; run with --ignored --nocapture
test internal_tests::performance_scenarios_file::performance_scenarios::multi_action_failure_restores_the_statement_state ... ignored, manual performance scenario; run with --ignored --nocapture
test internal_tests::performance_scenarios_file::performance_scenarios::ordered_thousand_statement_chain ... ignored, manual performance scenario; run with --ignored --nocapture
test internal_tests::performance_scenarios_file::performance_scenarios::rename_and_cascade_dependency_graph ... ignored, manual performance scenario; run with --ignored --nocapture
test internal_tests::performance_scenarios_file::performance_scenarios::repeated_savepoint_rollbacks_leave_no_transient_relations ... ignored, manual performance scenario; run with --ignored --nocapture
test internal_tests::resolver_namespaces::resolver_namespace_tests::dropped_relation_tombstone_does_not_shadow_a_later_present_relation ... ok
test internal_tests::resolver_namespaces::resolver_namespace_tests::a_relation_does_not_shadow_a_type_in_a_later_schema ... ok
test internal_tests::resolver_namespaces::resolver_namespace_tests::dropped_routine_tombstone_does_not_shadow_a_later_exact_signature ... ok
test internal_tests::resolver_namespaces::resolver_namespace_tests::an_unrelated_overload_does_not_shadow_an_exact_routine_signature ... ok
test internal_tests::resolver_namespaces::resolver_namespace_tests::postgresql_identifier_truncation_creates_a_real_namespace_collision ... ok
test internal_tests::resolver_namespaces::resolver_namespace_tests::a_type_does_not_shadow_a_relation_in_a_later_schema ... ok
test internal_tests::invariant_sequences_file::invariant_sequences::structured_cross_family_rollback_is_exact_and_reports_are_repeatable ... ok
test internal_tests::reversibility::reversibility_tests::test_reversibility_add_nullable_column_no_default ... ok
test internal_tests::resolver_namespaces::resolver_namespace_tests::quoted_relation_lookup_preserves_case_and_search_path_order ... ok
test internal_tests::reversibility::reversibility_tests::test_reversibility_drop_column_added_in_transaction ... ok
test internal_tests::reversibility::reversibility_tests::test_reversibility_drop_column_nonempty_table ... ok
test internal_tests::resolver_namespaces::resolver_namespace_tests::sequence_in_an_earlier_schema_shadows_a_later_table ... ok
test internal_tests::reversibility::reversibility_tests::test_reversibility_rename_table ... ok
test internal_tests::reversibility::reversibility_tests::test_reversibility_text_to_varchar_narrowing ... ok
test internal_tests::reversibility::reversibility_tests::test_reversibility_type_narrow ... ok
test internal_tests::reversibility::reversibility_tests::test_reversibility_drop_table ... ok
test internal_tests::reversibility::reversibility_tests::test_reversibility_drop_column_empty_table ... ok
test internal_tests::reversibility::reversibility_tests::test_reversibility_type_widen ... ok
test internal_tests::rule_evaluation::rule_evaluation_tests::alter_index_if_exists_missing_is_safe ... ok
test internal_tests::rule_evaluation::rule_evaluation_tests::grant_option_warns_even_when_state_matrix_skips_unmodeled_grant_chain ... ok
test internal_tests::rule_evaluation::rule_evaluation_tests::alter_index_rename_updates_state ... ok
test internal_tests::rule_evaluation::rule_evaluation_tests::missing_relation_statistics_taint_only_statistics_based_findings ... ok
test internal_tests::rule_evaluation::rule_evaluation_tests::missing_procedure_changes_report_schema_drift ... ok
test internal_tests::rule_evaluation::rule_evaluation_tests::procedure_drift_checks_the_cached_routine_kind ... ok
test internal_tests::rule_evaluation::rule_evaluation_tests::grant_all_owner_exemption_requires_every_grantee_to_own_every_table ... ok
test internal_tests::rule_evaluation::rule_evaluation_tests::scoped_cache_reports_unknown_schema_as_coverage_not_drift ... ok
test internal_tests::rule_evaluation::rule_evaluation_tests::guarded_missing_drops_do_not_report_schema_drift ... ok
test internal_tests::rule_evaluation::rule_evaluation_tests::test_exact_confidence_keeps_tier1 ... ok
test internal_tests::rule_evaluation::rule_evaluation_tests::alter_index_variants_are_modeled_not_opaque ... ok
test internal_tests::rule_evaluation::rule_evaluation_tests::test_rule_blocking_constraint_pk_and_unique ... ok
test internal_tests::rule_evaluation::rule_evaluation_tests::test_rule_broken_compute_drop_function_with_trigger ... ok
test internal_tests::rule_evaluation::rule_evaluation_tests::test_confidence_taint_does_not_affect_prior_violations ... ok
test internal_tests::rule_evaluation::rule_evaluation_tests::test_rule_blocking_constraint_check_and_not_valid_fast_path ... ok
test internal_tests::rule_evaluation::rule_evaluation_tests::test_overloaded_function_search_path ... ok
test internal_tests::rule_evaluation::rule_evaluation_tests::test_rule_concurrent_drop_index_small ... ok
test internal_tests::rule_evaluation::rule_evaluation_tests::test_rule_cascading_drop ... ok
test internal_tests::rule_evaluation::rule_evaluation_tests::test_rule_concurrent_inside_txn ... ok
test internal_tests::rule_evaluation::rule_evaluation_tests::test_rule_concurrent_drop_index ... ok
test internal_tests::rule_evaluation::rule_evaluation_tests::test_rule_disable_trigger ... ok
test internal_tests::rule_evaluation::rule_evaluation_tests::test_rule_concurrent_index_outside_transaction ... ok
test internal_tests::rule_evaluation::rule_evaluation_tests::test_rule_concurrent_index ... ok
test internal_tests::rule_evaluation::rule_evaluation_tests::test_rule_function_volatility_unchanged ... ok
test internal_tests::rule_evaluation::rule_evaluation_tests::test_rule_drop_function_recreate ... ok
test internal_tests::rule_evaluation::rule_evaluation_tests::test_rule_function_schema_change ... ok
test internal_tests::rule_evaluation::rule_evaluation_tests::test_rule_mat_view_refresh ... ok
test internal_tests::rule_evaluation::rule_evaluation_tests::test_rule_function_volatility_change ... ok
test internal_tests::rule_evaluation::rule_evaluation_tests::test_rule_opaque_sql ... ok
test internal_tests::rule_evaluation::rule_evaluation_tests::test_rule_restrictive_policy ... ok
test internal_tests::rule_evaluation::rule_evaluation_tests::test_rule_overbroad_grant ... ok
test internal_tests::rule_evaluation::rule_evaluation_tests::test_rule_idempotency ... ok
test internal_tests::rule_evaluation::rule_evaluation_tests::test_rule_size_aware_toast_escalation ... ok
test internal_tests::rule_evaluation::rule_evaluation_tests::test_rule_partition_attach_detach ... ok
test internal_tests::rule_evaluation::rule_evaluation_tests::test_rule_vacuum_full ... ok
test internal_tests::rule_evaluation::rule_evaluation_tests::test_rule_temporary_table_bypass ... ok
test internal_tests::rule_evaluation::rule_evaluation_tests::test_tainted_confidence_downgrades_tier1_to_tier2 ... ok
test internal_tests::rule_evaluation::rule_evaluation_tests::test_rule_volatile_default_create ... ok
test internal_tests::state_machine_guards::state_machine_guards_tests::all_tables_in_schema_grants_are_tainted_when_relation_scope_is_incomplete ... ok
test internal_tests::rule_evaluation::rule_evaluation_tests::test_rule_volatile_default_alter ... ok
test internal_tests::rule_evaluation::rule_evaluation_tests::test_rule_require_concurrent_reindex ... FAILED
test internal_tests::state_machine_guards::state_machine_guards_tests::alter_view_rename_column_taints_instead_of_becoming_an_exact_noop ... ok
test internal_tests::state_machine_guards::state_machine_guards_tests::conflicting_cascade_does_not_report_dependencies_that_were_not_dropped ... ok
test internal_tests::state_machine_guards::state_machine_guards_tests::schema_neutral_application_name_keeps_exact_confidence ... ok
test internal_tests::state_machine_guards::state_machine_guards_tests::missing_unguarded_drop_aborts_following_transaction_statements ... ok
test internal_tests::state_machine_guards::state_machine_guards_tests::guarded_drop_still_rejects_the_wrong_relation_kind ... ok
test internal_tests::state_machine_guards::state_machine_guards_tests::schema_cascade_skips_already_dropped_sequences_without_panicking ... ok
test internal_tests::state_machine_guards::state_machine_guards_tests::test_skip_guard_create_index ... ok
test internal_tests::state_machine_guards::state_machine_guards_tests::test_skip_guard_drop_column ... ok
test internal_tests::state_machine_guards::state_machine_guards_tests::test_skip_guard_create_sequence ... ok
test internal_tests::state_machine_guards::state_machine_guards_tests::test_reversibility_type_widen ... ok
test internal_tests::state_machine_guards::state_machine_guards_tests::unknown_scoped_target_in_multi_drop_preserves_known_targets ... ok
test internal_tests::state_machine_guards::state_machine_guards_tests::test_skip_guard_drop_missing_objects ... ok
test internal_tests::state_machine_guards::state_machine_guards_tests::test_skip_guard_create_table ... ok
test internal_tests::state_mutation::state_mutation_tests::aggregate_and_window_lifecycles_use_the_shared_routine_state ... ok
test internal_tests::state_mutation::state_mutation_tests::alter_table_owner_moves_owned_sequence_owner ... ok
test internal_tests::state_mutation::state_mutation_tests::alter_column_type_resets_storage_and_compression_transactionally ... ok
test internal_tests::state_mutation::state_mutation_tests::alter_table_options_update_and_reset_relation_state ... ok
test internal_tests::state_mutation::state_mutation_tests::alter_type_set_schema_updates_identity_and_rolls_back ... ok
test internal_tests::state_mutation::state_mutation_tests::alter_add_identity_validates_negative_ranges_names_and_rollback ... ok
test internal_tests::state_mutation::state_mutation_tests::alter_table_of_and_not_of_validate_the_composite_layout ... ok
test internal_tests::state_mutation::state_mutation_tests::alter_view_owner_updates_relation_metadata ... ok
test internal_tests::state_mutation::state_mutation_tests::alter_rule_modes_validate_catalog_identity_and_rollback ... ok
test internal_tests::state_mutation::state_mutation_tests::alter_type_set_schema_rejects_missing_schema_and_existing_target ... ok
test internal_tests::state_mutation::state_mutation_tests::alter_type_set_schema_remaps_modeled_dependent_references ... ok
test internal_tests::state_mutation::state_mutation_tests::cache_without_role_provenance_taints_explicit_user_search_path ... ok
test internal_tests::state_mutation::state_mutation_tests::autocommit_runs_on_commit_drop_before_the_next_statement ... ok
test internal_tests::state_mutation::state_mutation_tests::cached_check_dependency_blocks_drop_without_cascade_and_cleans_up_with_cascade ... ok
test internal_tests::state_mutation::state_mutation_tests::cached_expression_index_dependencies_follow_the_referenced_columns ... ok
test internal_tests::state_mutation::state_mutation_tests::cached_aggregate_and_window_routines_accept_their_postgresql_commands ... ok
test internal_tests::state_mutation::state_mutation_tests::ancestor_detach_invalidates_descendant_predicate_and_rollback_restores_it ... ok
test internal_tests::state_mutation::state_mutation_tests::cached_aggregate_and_window_routines_reserve_the_shared_namespace ... ok
test internal_tests::state_mutation::state_mutation_tests::altered_key_constraints_own_indexes_and_rollback_restores_them ... ok
test internal_tests::state_mutation::state_mutation_tests::cached_publication_parent_edits_are_tainted_without_inheritance_catalogs ... ok
test internal_tests::state_mutation::state_mutation_tests::cached_generated_column_drop_handles_transitive_cascade_closure ... ok
test internal_tests::state_mutation::state_mutation_tests::cached_view_rewrite_self_edge_is_ignored_but_real_dependency_is_kept ... ok
test internal_tests::state_mutation::state_mutation_tests::cached_view_column_dependencies_allow_dropping_an_unreferenced_column ... ok
test internal_tests::state_mutation::state_mutation_tests::cached_publication_and_subscription_actions_update_exact_state ... ok
test internal_tests::state_mutation::state_mutation_tests::cascade_drop_marks_triggers_on_partition_children_as_dropped ... ok
test internal_tests::state_mutation::state_mutation_tests::column_metadata_defaults_clear_prior_overrides ... ok
test internal_tests::state_mutation::state_mutation_tests::check_names_use_one_distinct_column_for_create_and_alter ... ok
test internal_tests::state_mutation::state_mutation_tests::cascade_drop_removes_foreign_key_metadata_from_surviving_tables ... ok
test internal_tests::state_mutation::state_mutation_tests::cascade_drop_removes_constraints_on_cascade_dropped_relations ... ok
test internal_tests::state_mutation::state_mutation_tests::complete_inheritance_catalog_keeps_publication_parent_edits_exact ... ok
test internal_tests::state_mutation::state_mutation_tests::column_type_lookup_prefers_earlier_table_row_type_over_later_domain ... ok
test internal_tests::state_mutation::state_mutation_tests::cluster_on_requires_an_index_owned_by_the_relation ... ok
test internal_tests::state_mutation::state_mutation_tests::complete_v7_baseline_rejects_an_alter_of_a_missing_publication_exactly ... ok
test internal_tests::state_mutation::state_mutation_tests::complete_role_catalog_rejects_missing_role_switch ... ok
test internal_tests::state_mutation::state_mutation_tests::concurrent_detach_folds_baseline_cached_list_predicate ... ok
test internal_tests::state_mutation::state_mutation_tests::concurrent_detach_folds_baseline_cached_boolean_single_predicate ... ok
test internal_tests::state_mutation::state_mutation_tests::concurrent_detach_in_transaction_preserves_partition_state ... ok
test internal_tests::state_mutation::state_mutation_tests::concurrent_detach_of_hash_partition_adds_no_check ... ok
test internal_tests::state_mutation::state_mutation_tests::concurrent_detach_retains_check_from_created_partition_bound ... ok
test internal_tests::state_mutation::state_mutation_tests::concurrent_detach_rejects_default_and_pending_siblings ... ok
test internal_tests::state_mutation::state_mutation_tests::concurrent_detach_synthesizes_check_for_composite_range_key ... ok
test internal_tests::state_mutation::state_mutation_tests::concurrent_detach_of_list_null_partition_retains_or_predicate ... ok
test internal_tests::state_mutation::state_mutation_tests::concurrent_detach_synthesizes_list_integer_array_from_bound ... ok
test internal_tests::state_mutation::state_mutation_tests::create_sequence_applies_all_catalog_parameters ... ok
test internal_tests::state_mutation::state_mutation_tests::concurrent_hash_partition_detach_completes_without_pending_or_check ... ok
test internal_tests::state_mutation::state_mutation_tests::create_if_not_exists_skips_when_another_relation_kind_uses_the_name ... ok
test internal_tests::state_mutation::state_mutation_tests::composite_range_detach_synthesis_matches_postgres_for_varchar_keys ... ok
test internal_tests::state_mutation::state_mutation_tests::create_sequence_if_not_exists_skips_when_a_table_uses_the_name ... ok
test internal_tests::state_mutation::state_mutation_tests::create_table_as_select_taints_unknown_columns_and_skips_later_column_edits ... ok
test internal_tests::state_mutation::state_mutation_tests::create_table_inherits_copies_parent_columns_and_records_each_edge ... ok
test internal_tests::state_mutation::state_mutation_tests::concurrent_detach_uses_parent_strategy_for_subpartitioned_child ... ok
test internal_tests::state_mutation::state_mutation_tests::create_table_inherits_merges_compatible_columns_and_rejects_conflicts ... ok
test internal_tests::state_mutation::state_mutation_tests::create_table_like_copies_only_default_like_column_properties ... ok
test internal_tests::state_mutation::state_mutation_tests::create_table_like_clones_constraints_indexes_and_identity_objects ... ok
test internal_tests::state_mutation::state_mutation_tests::create_table_preserves_explicit_constraint_names_and_avoids_generated_collisions ... ok
test internal_tests::state_mutation::state_mutation_tests::composite_range_detach_synthesis_matches_postgres_wildcard_bounds ... ok
test internal_tests::state_mutation::state_mutation_tests::create_table_like_copies_each_supported_selected_property ... ok
test internal_tests::state_mutation::state_mutation_tests::creating_a_new_function_taints_unmodeled_body_state ... ok
test internal_tests::state_mutation::state_mutation_tests::create_user_and_role_login_options_are_distinct ... ok
test internal_tests::state_mutation::state_mutation_tests::create_then_rename_enum_value_preserves_order_and_escaped_labels ... ok
test internal_tests::state_mutation::state_mutation_tests::create_table_records_inline_primary_key_and_table_unique_constraints ... ok
test internal_tests::state_mutation::state_mutation_tests::create_table_records_column_inheritance_provenance ... ok
test internal_tests::state_mutation::state_mutation_tests::drop_sequence_if_exists_drops_present_names_after_missing_ones ... ok
test internal_tests::state_mutation::state_mutation_tests::dependent_object_creates_and_type_alterations_require_existing_targets ... ok
test internal_tests::state_mutation::state_mutation_tests::drop_trigger_if_exists_is_a_no_op_when_missing ... ok
test internal_tests::state_mutation::state_mutation_tests::create_table_records_inline_foreign_key_check_and_exclusion_constraints ... ok
test internal_tests::state_mutation::state_mutation_tests::dropping_a_type_with_modeled_dependents_requires_cascade ... ok
test internal_tests::state_mutation::state_mutation_tests::dropping_a_table_removes_publication_and_partition_edges ... ok
test internal_tests::state_mutation::state_mutation_tests::dropping_a_child_table_removes_its_outgoing_dependency_edges ... ok
test internal_tests::state_mutation::state_mutation_tests::dropping_a_view_honors_restrict_and_cascade_dependencies ... ok
test internal_tests::state_mutation::state_mutation_tests::dropping_migration_local_default_removes_sequence_dependency ... ok
test internal_tests::state_mutation::state_mutation_tests::dropping_foreign_key_keeps_its_referenced_index ... ok
test internal_tests::state_mutation::state_mutation_tests::dropping_identity_index_settings_is_transactional ... ok
test internal_tests::state_mutation::state_mutation_tests::empty_typed_view_dependency_cache_does_not_create_graph_edges ... ok
test internal_tests::state_mutation::state_mutation_tests::enum_value_rename_expands_user_search_path_from_v4_role_provenance ... ok
test internal_tests::state_mutation::state_mutation_tests::dropping_qualified_quoted_index_clears_index_settings ... ok
test internal_tests::state_mutation::state_mutation_tests::dropping_owned_sequence_cascade_removes_dependent_nextval_default ... ok
test internal_tests::state_mutation::state_mutation_tests::dropping_schema_cascade_removes_cross_schema_sequence_defaults ... ok
test internal_tests::state_mutation::state_mutation_tests::enum_value_rename_rolls_back_with_the_transaction ... ok
test internal_tests::state_mutation::state_mutation_tests::enum_value_rename_rejects_missing_and_non_enum_types ... ok
test internal_tests::state_mutation::state_mutation_tests::enum_value_rename_obeys_cached_explicit_and_default_search_path_order ... ok
test internal_tests::state_mutation::state_mutation_tests::enum_value_rename_reports_postgres_conflicts_without_mutating_state ... ok
test internal_tests::state_mutation::state_mutation_tests::enum_value_rename_skips_dropped_type_tombstones_in_the_search_path ... ok
test internal_tests::state_mutation::state_mutation_tests::exclusion_constraint_is_recorded_and_reported ... ok
test internal_tests::state_mutation::state_mutation_tests::exponent_form_numeric_list_bounds_are_not_scale_padded ... ok
test internal_tests::state_mutation::state_mutation_tests::foreign_key_not_valid_then_validate_updates_constraint_state ... ok
test internal_tests::state_mutation::state_mutation_tests::failed_drop_table_keeps_owned_triggers_for_later_dependency_checks ... ok
test internal_tests::state_mutation::state_mutation_tests::generated_constraint_names_follow_postgres_identifier_length_limit ... ok
test internal_tests::state_mutation::state_mutation_tests::grant_option_changes_preserve_effective_privilege_state ... ok
test internal_tests::state_mutation::state_mutation_tests::generated_check_names_avoid_other_tables_in_same_schema ... ok
test internal_tests::state_mutation::state_mutation_tests::finalize_interrupted_detach_retains_existing_check_and_undo_state ... ok
test internal_tests::state_mutation::state_mutation_tests::generated_expression_text_tracks_create_add_change_and_rollback ... ok
test internal_tests::state_mutation::state_mutation_tests::grant_set_option_authorizes_set_role_and_revoke_removes_it ... ok
test internal_tests::state_mutation::state_mutation_tests::guarded_routine_drop_still_rejects_the_wrong_routine_kind ... ok
test internal_tests::state_mutation::state_mutation_tests::expression_partition_keys_retain_conservative_taint ... ok
test internal_tests::state_mutation::state_mutation_tests::inherited_admin_option_authorizes_role_membership_grants ... ok
test internal_tests::state_mutation::state_mutation_tests::index_column_identities_follow_rename_and_drop_cleanup ... ok
test internal_tests::state_mutation::state_mutation_tests::identity_sequence_options_round_trip_into_state_and_like_clone ... ok
test internal_tests::state_mutation::state_mutation_tests::inherited_grant_option_authorizes_a_delegated_grant ... ok
test internal_tests::state_mutation::state_mutation_tests::inherit_provenance_preserves_other_parents_and_local_status ... ok
test internal_tests::state_mutation::state_mutation_tests::instead_of_trigger_on_view_is_tracked ... ok
test internal_tests::state_mutation::state_mutation_tests::key_index_rename_rejects_constraint_name_collision_without_changes ... ok
test internal_tests::state_mutation::state_mutation_tests::inheritance_requires_and_merges_matching_check_definitions ... ok
test internal_tests::state_mutation::state_mutation_tests::malformed_partition_ancestry_is_rejected_without_looping ... ok
test internal_tests::state_mutation::state_mutation_tests::local_role_outside_transaction_has_no_effect ... ok
test internal_tests::invariant_sequences_file::invariant_sequences::deterministic_generated_sequences_restore_every_modeled_family ... ok
test internal_tests::state_mutation::state_mutation_tests::membership_without_set_option_does_not_authorize_set_role ... ok
test internal_tests::state_mutation::state_mutation_tests::membership_without_inherit_option_cannot_delegate_grants ... ok
test internal_tests::state_mutation::state_mutation_tests::local_expression_index_separates_eligibility_from_dependency_proof ... ok
test internal_tests::state_mutation::state_mutation_tests::local_role_expires_on_commit_while_session_role_setting_persists ... ok
test internal_tests::state_mutation::state_mutation_tests::missing_alter_table_does_not_leave_an_implicit_sequence ... ok
test internal_tests::state_mutation::state_mutation_tests::like_extended_statistics_follow_column_lifecycle_and_rollback ... ok
test internal_tests::state_mutation::state_mutation_tests::key_index_renames_preserve_constraint_and_table_metadata ... ok
test internal_tests::state_mutation::state_mutation_tests::migration_local_default_blocks_standalone_sequence_drop ... ok
test internal_tests::state_mutation::state_mutation_tests::object_granted_by_must_match_the_current_role ... ok
test internal_tests::state_mutation::state_mutation_tests::missing_foreign_key_source_column_is_a_conflict ... ok
test internal_tests::state_mutation::state_mutation_tests::multi_parent_outside_cone_column_rename_is_rejected_without_mutation ... ok
test internal_tests::state_mutation::state_mutation_tests::only_column_rename_rejects_descendants_without_mutation ... ok
test internal_tests::state_mutation::state_mutation_tests::multi_parent_both_in_cone_column_rename_succeeds ... ok
test internal_tests::state_mutation::state_mutation_tests::partition_key_column_rename_preserves_expressions_and_rollback ... ok
test internal_tests::state_mutation::state_mutation_tests::partition_key_rename_updates_keys_for_synthesis ... ok
test internal_tests::state_mutation::state_mutation_tests::partition_attachment_provenance_follows_detach_and_rollback ... ok
test internal_tests::state_mutation::state_mutation_tests::partition_bounds_follow_attach_detach_and_rollback ... ok
test internal_tests::state_mutation::state_mutation_tests::partition_attachment_rejects_incompatible_columns_checks_and_triggers ... ok
test internal_tests::state_mutation::state_mutation_tests::pg16_membership_inherit_option_overrides_member_noinherit ... ok
test internal_tests::state_mutation::state_mutation_tests::pg15_alter_role_inherit_activates_existing_membership ... ok
test internal_tests::state_mutation::state_mutation_tests::partition_predicate_column_rename_restores_on_rollback ... ok
test internal_tests::state_mutation::state_mutation_tests::policies_require_existing_table_targets ... ok
test internal_tests::state_mutation::state_mutation_tests::partition_operations_reject_unpartitioned_or_unattached_targets ... ok
test internal_tests::state_mutation::state_mutation_tests::publication_and_subscription_duplicates_conflict ... ok
test internal_tests::state_mutation::state_mutation_tests::procedure_kind_and_lifecycle_are_enforced_within_the_chain ... ok
test internal_tests::state_mutation::state_mutation_tests::publication_targets_use_cache_scope_for_conflicts_and_unknowns ... ok
test internal_tests::state_mutation::state_mutation_tests::quoted_embedded_quote_type_resolves_in_function_signature ... ok
test internal_tests::state_mutation::state_mutation_tests::partition_attachment_validates_catalog_and_tracks_generated_objects ... ok
test internal_tests::state_mutation::state_mutation_tests::partition_strategy_is_typed_and_invalid_values_leave_no_table ... ok
test internal_tests::state_mutation::state_mutation_tests::parenthesized_plain_column_keys_deparse_as_bare_columns ... ok
test internal_tests::state_mutation::state_mutation_tests::recursive_column_rename_collision_preserves_every_relation_and_dependency ... ok
test internal_tests::state_mutation::state_mutation_tests::rename_type_rejects_an_existing_target ... ok
test internal_tests::state_mutation::state_mutation_tests::rename_table_updates_column_default_sequence_dependency ... ok
test internal_tests::state_mutation::state_mutation_tests::rename_back_to_original_name_does_not_loop_during_drop ... ok
test internal_tests::state_mutation::state_mutation_tests::rename_type_updates_columns_added_or_retyped_later_in_the_chain ... ok
test internal_tests::state_mutation::state_mutation_tests::rename_type_remaps_modeled_dependent_references ... ok
test internal_tests::state_mutation::state_mutation_tests::rename_type_updates_cached_routine_signatures_and_undo_restores_them ... ok
test internal_tests::state_mutation::state_mutation_tests::recursive_column_rename_updates_descendant_metadata_and_rolls_back ... ok
test internal_tests::state_mutation::state_mutation_tests::rename_trigger_updates_identity_and_rolls_back ... ok
test internal_tests::state_mutation::state_mutation_tests::rename_trigger_rejects_an_existing_target ... ok
test internal_tests::state_mutation::state_mutation_tests::rename_type_remaps_only_the_resolved_schema_and_preserves_quoted_identity ... ok
test internal_tests::state_mutation::state_mutation_tests::rename_type_updates_identity_and_rolls_back ... ok
test internal_tests::state_mutation::state_mutation_tests::renamed_check_dependencies_follow_rollback_and_drop ... ok
test internal_tests::state_mutation::state_mutation_tests::replica_identity_using_index_requires_a_usable_owned_index ... ok
test internal_tests::state_mutation::state_mutation_tests::replacing_a_routine_cannot_change_function_window_or_aggregate_kind ... ok
test internal_tests::state_mutation::state_mutation_tests::replacing_a_view_replaces_its_dependency_edges ... ok
test internal_tests::state_mutation::state_mutation_tests::role_grant_rejects_cycles_before_mutating_the_batch ... ok
test internal_tests::state_mutation::state_mutation_tests::retained_partition_check_tracks_all_cached_predicate_columns ... ok
test internal_tests::state_mutation::state_mutation_tests::role_grant_to_public_is_rejected_before_partial_mutation ... ok
test internal_tests::state_mutation::state_mutation_tests::replacing_a_view_preserves_relation_metadata ... ok
test internal_tests::state_mutation::state_mutation_tests::role_inherit_option_is_preserved_across_create_and_alter ... ok
test internal_tests::state_mutation::state_mutation_tests::revoke_cascade_removes_grants_delegated_by_the_revoked_role ... ok
test internal_tests::state_mutation::state_mutation_tests::role_none_during_local_session_authorization_restores_persistent_session_on_commit ... ok
test internal_tests::state_mutation::state_mutation_tests::role_membership_admin_and_inherit_options_round_trip ... ok
test internal_tests::state_mutation::state_mutation_tests::role_switch_recomputes_user_search_path_and_owner_keywords ... ok
test internal_tests::state_mutation::state_mutation_tests::retained_partition_check_preserves_quoted_key_identity ... ok
test internal_tests::state_mutation::state_mutation_tests::routine_drop_lookup_outcomes_preserve_guarded_and_unknown_semantics ... ok
test internal_tests::state_mutation::state_mutation_tests::role_membership_revoke_cascade_removes_dependent_grants ... ok
test internal_tests::state_mutation::state_mutation_tests::scoped_view_dependencies_keep_edges_to_omitted_schemas ... ok
test internal_tests::state_mutation::state_mutation_tests::scoped_view_dependencies_keep_omitted_dependents ... ok
test internal_tests::state_mutation::state_mutation_tests::select_into_projects_simple_source_columns_exactly ... ok
test internal_tests::state_mutation::state_mutation_tests::scoped_drop_with_incomplete_dependency_coverage_stays_unchanged ... ok
test internal_tests::state_mutation::state_mutation_tests::sequence_ownership_requires_a_table_target ... ok
test internal_tests::state_mutation::state_mutation_tests::set_role_follows_transitive_set_option_edges ... ok
test internal_tests::state_mutation::state_mutation_tests::schema_cascade_cleans_cross_schema_view_and_foreign_key_state ... ok
test internal_tests::state_mutation::state_mutation_tests::session_authorization_local_and_rollback_restore_all_identity_fields ... ok
test internal_tests::state_mutation::state_mutation_tests::same_named_triggers_on_different_tables_remain_independent ... ok
test internal_tests::state_mutation::state_mutation_tests::rollback_restores_every_destructively_rewritten_graph_edge ... ok
test internal_tests::state_mutation::state_mutation_tests::sequence_rename_preserves_default_dependency ... ok
test internal_tests::state_mutation::state_mutation_tests::set_role_updates_current_role_and_owner_assignments ... ok
test internal_tests::state_mutation::state_mutation_tests::set_session_authorization_updates_session_role_and_allows_reset ... ok
test internal_tests::state_mutation::state_mutation_tests::subscription_publication_conflicts_do_not_partially_mutate_direct_state ... ok
test internal_tests::state_mutation::state_mutation_tests::set_time_zone_does_not_reset_search_path ... ok
test internal_tests::state_mutation::state_mutation_tests::table_drop_resolves_unqualified_publication_membership_through_search_path ... ok
test internal_tests::state_mutation::state_mutation_tests::simple_unique_btree_index_can_be_adopted_as_a_constraint ... ok
test internal_tests::state_mutation::state_mutation_tests::set_role_is_rolled_back_on_abort ... ok
test internal_tests::state_mutation::state_mutation_tests::standalone_default_sequence_is_a_drop_dependency ... ok
test internal_tests::state_mutation::state_mutation_tests::targeted_revoke_without_acl_provenance_is_tainted ... ok
test internal_tests::state_mutation::state_mutation_tests::subscription_publisher_operations_taint_and_slot_drops_obey_transaction_rules ... ok
test internal_tests::state_mutation::state_mutation_tests::temporary_table_on_commit_delete_rows_preserves_its_schema ... ok
test internal_tests::state_mutation::state_mutation_tests::temporary_table_on_commit_drop_is_removed_with_dependents ... ok
test internal_tests::state_mutation::state_mutation_tests::test_enum_add_value_preserves_postgres_ordering ... ok
test internal_tests::state_mutation::state_mutation_tests::successful_concurrent_partition_detach_completes_without_finalize ... ok
test internal_tests::state_mutation::state_mutation_tests::test_bug011_set_storage_multiple_spaces ... ok
test internal_tests::state_mutation::state_mutation_tests::test_serial_and_default_null_follow_postgres_column_state ... ok
test internal_tests::state_mutation::state_mutation_tests::test_revoke_all_cascade_removes_privileges_and_downstream_grants ... ok
test internal_tests::state_mutation::state_mutation_tests::test_drop_materialized_view_removes_its_indexes ... ok
test internal_tests::state_mutation::state_mutation_tests::test_drop_function_cascade_removes_dependent_trigger ... ok
test internal_tests::state_mutation::state_mutation_tests::subscription_options_enforce_postgresql_slot_and_publication_invariants ... ok
test internal_tests::state_mutation::state_mutation_tests::test_state_adds_named_check_constraint ... ok
test internal_tests::state_mutation::state_mutation_tests::test_state_adds_named_unique_constraint ... ok
test internal_tests::state_mutation::state_mutation_tests::test_state_alter_column_types ... ok
test internal_tests::state_mutation::state_mutation_tests::test_state_drop_procedure_if_exists ... ok
test internal_tests::state_mutation::state_mutation_tests::test_state_confidence_is_accessible ... ok
test internal_tests::state_mutation::state_mutation_tests::test_state_drop_view_cascade ... ok
test internal_tests::state_mutation::state_mutation_tests::test_state_alter_function_updates_volatility_and_identity ... ok
test internal_tests::state_mutation::state_mutation_tests::test_state_hydrates_and_disables_trigger ... ok
test internal_tests::state_mutation::state_mutation_tests::test_state_storage_and_access_method ... ok
test internal_tests::state_mutation::state_mutation_tests::test_state_grant_revoke_topology ... ok
test internal_tests::state_mutation::state_mutation_tests::test_state_drop_function_if_exists ... ok
test internal_tests::state_mutation::state_mutation_tests::test_topology_procedure ... ok
test internal_tests::state_mutation::state_mutation_tests::test_state_drop_materialized_view_cleanup ... ok
test internal_tests::state_mutation::state_mutation_tests::test_synced_search_path_is_initial_and_default_path ... ok
test internal_tests::state_mutation::state_mutation_tests::test_topology_drop_table ... ok
test internal_tests::state_mutation::state_mutation_tests::test_topology_function ... ok
test internal_tests::state_mutation::state_mutation_tests::test_topology_rename_index ... ok
test internal_tests::state_mutation::state_mutation_tests::test_topology_rename_table ... ok
test internal_tests::state_mutation::state_mutation_tests::test_topology_replication_graph ... ok
test internal_tests::state_mutation::state_mutation_tests::test_topology_role_lifecycle ... ok
test internal_tests::state_mutation::state_mutation_tests::test_topology_foreign_key_graph ... ok
test internal_tests::state_mutation::state_mutation_tests::test_topology_materialized_view_graph ... ok
test internal_tests::state_mutation::state_mutation_tests::test_topology_sequence_graph ... ok
test internal_tests::state_mutation::state_mutation_tests::test_topology_search_path ... ok
test internal_tests::state_mutation::state_mutation_tests::test_topology_publication ... ok
test internal_tests::state_mutation::state_mutation_tests::test_topology_subscription ... ok
test internal_tests::state_mutation::state_mutation_tests::test_unqualified_index_uses_table_schema ... ok
test internal_tests::state_mutation::state_mutation_tests::test_topology_trigger_and_policy ... ok
test internal_tests::state_mutation::state_mutation_tests::test_topology_view_graph ... ok
test internal_tests::state_mutation::state_mutation_tests::test_variadic_function_drop_normalizes_array_alias ... ok
test internal_tests::state_mutation::state_mutation_tests::test_topology_type_and_domain ... ok
test internal_tests::state_mutation::state_mutation_tests::unavailable_baseline_never_claims_schema_coverage ... ok
test internal_tests::state_mutation::state_mutation_tests::unquoted_role_and_replication_names_are_case_folded ... ok
test internal_tests::state_mutation::state_mutation_tests::typed_table_uses_the_composite_type_column_layout ... ok
test internal_tests::transaction_lifecycle::transaction_lifecycle_tests::chain_without_active_transaction_does_not_start_a_transaction ... ok
test internal_tests::state_mutation::state_mutation_tests::test_topology_table_basic ... ok
test internal_tests::state_mutation::state_mutation_tests::views_using_sequence_functions_do_not_treat_function_names_as_relations ... ok
test internal_tests::state_mutation::state_mutation_tests::using_index_resolves_in_the_altered_tables_schema_and_preserves_quoting ... ok
test internal_tests::state_mutation::state_mutation_tests::unavailable_compression_method_stays_conservative_without_mutating_state ... ok
test internal_tests::transaction_lifecycle::transaction_lifecycle_tests::failed_compound_statement_discards_earlier_risk_findings ... ok
test internal_tests::transaction_lifecycle::transaction_lifecycle_tests::missing_release_savepoint_aborts_the_active_transaction ... ok
test internal_tests::transaction_lifecycle::transaction_lifecycle_tests::concurrent_materialized_view_refresh_is_reported_inside_transaction ... ok
test internal_tests::state_mutation::state_mutation_tests::unique_using_index_attaches_constraint_without_blocking_index_finding ... ok
test internal_tests::transaction_lifecycle::transaction_lifecycle_tests::commit_and_chain_starts_a_new_transaction ... ok
test internal_tests::state_mutation::state_mutation_tests::using_index_rejects_wrong_table_non_unique_and_partial_indexes ... ok
test internal_tests::transaction_lifecycle::transaction_lifecycle_tests::idempotent_skip_does_not_abort_the_transaction ... ok
test internal_tests::transaction_lifecycle::transaction_lifecycle_tests::mutation_conflict_aborts_the_transaction_and_skips_later_statements ... ok
test internal_tests::transaction_lifecycle::transaction_lifecycle_tests::release_outer_savepoint_removes_nested_savepoints_and_preserves_undo ... ok
test internal_tests::transaction_lifecycle::transaction_lifecycle_tests::rollback_to_savepoint_outside_transaction_does_not_abort_later_analysis ... ok
test internal_tests::transaction_lifecycle::transaction_lifecycle_tests::rollback_to_outer_savepoint_undoes_nested_changes_in_reverse_order ... ok
test internal_tests::transaction_lifecycle::transaction_lifecycle_tests::missing_savepoint_aborts_the_transaction_and_skips_later_statements ... ok
test internal_tests::transaction_lifecycle::transaction_lifecycle_tests::rollback_and_chain_starts_a_new_transaction ... ok
test internal_tests::transaction_lifecycle::transaction_lifecycle_tests::savepoint_outside_transaction_does_not_create_a_transaction_frame ... ok
test internal_tests::transaction_lifecycle::transaction_lifecycle_tests::multi_action_alter_table_restores_state_after_a_failed_action ... ok
test internal_tests::transaction_lifecycle::transaction_lifecycle_tests::root_transaction_frame_is_not_a_savepoint_named_transaction ... ok
test internal_tests::transaction_lifecycle::transaction_lifecycle_tests::rollback_to_savepoint_recovers_an_aborted_transaction ... ok
test internal_tests::transaction_lifecycle::transaction_lifecycle_tests::test_rename_propagation_rollback ... ok
test internal_tests::transaction_lifecycle::transaction_lifecycle_tests::test_rollback_to_savepoint_keeps_outer_txn ... ok
test internal_tests::transaction_lifecycle::transaction_lifecycle_tests::test_txn_commit ... ok
test internal_tests::v045_state::cache_v5_hydrates_schema_sequence_and_ownership_edge ... ok
test internal_tests::transaction_lifecycle::transaction_lifecycle_tests::statement_journal_restores_replication_state_after_late_conflict ... ok
test internal_tests::transaction_lifecycle::transaction_lifecycle_tests::test_txn_rollback ... ok
test internal_tests::v045_state::implicit_sequence_collision_uses_postgres_suffix ... ok
test internal_tests::v045_state::schema_authorization_checks_authoritative_role_catalog ... ok
test internal_tests::transaction_lifecycle::transaction_lifecycle_tests::test_savepoint_flow ... ok
test internal_tests::v060_timeouts::rollback_restores_confidence_tainted_by_reset_search_path ... ok
test internal_tests::v045_state::table_set_schema_moves_the_relation_and_preserves_baseline_origin ... ok
test internal_tests::v060_timeouts::invalid_timeout_value_is_an_exact_chain_conflict ... ok
test internal_tests::v045_state::schema_rename_remaps_namespace_and_rolls_back_atomically ... ok
test internal_tests::v060_timeouts::savepoint_rollback_restores_settings_and_reset_all_is_transactional ... ok
test internal_tests::v060_timeouts::set_from_current_copies_the_effective_timeout_at_each_scope ... ok
test internal_tests::transaction_lifecycle::transaction_lifecycle_tests::unquoted_savepoint_names_are_case_insensitive ... ok
test internal_tests::v060_timeouts::synchronized_timeout_values_control_timeout_findings ... ok
test internal_tests::v060_timeouts::sql_set_and_reset_update_effective_timeout_rules_in_order ... ok
test internal_tests::v045_state::serial_and_identity_columns_create_distinct_owned_sequences ... ok
test internal_tests::v060_timeouts::timeout_findings_deduplicate_once_per_file_and_can_be_disabled ... ok
test internal_tests::v060_timeouts::unavailable_baseline_reports_unknown_timeout_evidence ... ok
test internal_tests::v060_timeouts::transaction_local_timeout_and_search_path_restore_session_values ... ok
test internal_tests::v045_state::sequence_ownership_move_drop_and_rollback_follow_dependency_rules ... ok
test internal_tests::live_parity_oracle::partition_bounds_parity_oracle ... ok

failures:

---- internal_tests::rule_evaluation::rule_evaluation_tests::test_rule_require_concurrent_reindex stdout ----

thread 'internal_tests::rule_evaluation::rule_evaluation_tests::test_rule_require_concurrent_reindex' (19304) panicked at src/../tests/rule_evaluation.rs:1182:9:
assertion `left == right` failed
  left: Tier2
 right: Tier1


failures:
    internal_tests::rule_evaluation::rule_evaluation_tests::test_rule_require_concurrent_reindex

test result: FAILED. 944 passed; 1 failed; 18 ignored; 0 measured; 0 filtered out; finished in 3.56s

error: test failed, to rerun pass `--lib`
